Drydock 0.2.0  Copyright (c) 2026 Web Cloud Studio. All rights reserved.
Next: drydock build jq

Blueprint: jq
Target: /mnt/c/Users/barlo/projects/drydock/uat/jq/runs/20260817.024254/workspace/targets/jq
Rows: <state> <type>  <Name>  [<id>]   — pass [<id>] to --step

Block: Build Block 1 · Foundational  [block-1]   — 0/1 stories done
  [unverified] story  Define the standalone jq interpreter architecture and module boundaries.  [architecture]

Block: Build Block 2 · Service  [block-2]   — 0/1 stories done
  [unverified] story  Implement the executable jq command interface.  [cli-001]

Block: Build Block 3 · Service  [block-3]   — 0/1 stories done
  [unverified] story  Implement jq compile and runtime diagnostics with documented exit codes.  [cli-002]

Block: Build Block 4 · Service  [block-4]   — 0/1 stories done
  [unverified] story  Implement jq lexical analysis.  [frontend-001]

Block: Build Block 5 · Service  [block-5]   — 0/1 stories done
  [unverified] story  Implement jq parsing and executable AST construction.  [frontend-002]

Block: Build Block 6 · Service  [block-6]   — 0/1 stories done
  [unverified] story  Implement jq functions, lexical bindings, closures, and destructuring.  [frontend-003]

Block: Build Block 7 · Foundational  [block-7]   — 0/1 stories done
  [QUESTIONS] story  Stage the supplied jq conformance assets unchanged.  [verify-001]

Block: Build Block 8 · Service  [block-8]   — 0/1 stories done
  [unverified] story  Implement the stream-based generator evaluation core.  [eval-001]

Block: Build Block 9 · Service  [block-9]   — 0/1 stories done
  [FAILED]  story  Implement jq operators and conditional control flow.  [eval-002]  <- resume (repairs in place)

Block: Build Block 10 · Service  [block-10]   — 0/1 stories done
  [pending] story  Implement jq generator control constructs.  [eval-003]

Block: Build Block 11 · Service  [block-11]   — 0/1 stories done
  [pending] story  Implement JSON values and structural jq operations.  [data-001]

Block: Build Block 12 · Service  [block-12]   — 0/1 stories done
  [pending] story  Implement jq path discovery and mutation primitives.  [data-002]

Block: Build Block 13 · Service  [block-13]   — 0/1 stories done
  [pending] story  Implement jq assignment operators and immutable updates.  [data-003]

Block: Build Block 14 · Service  [block-14]   — 0/1 stories done
  [pending] story  Implement collection and object jq builtins.  [builtin-001]

Block: Build Block 15 · Service  [block-15]   — 0/1 stories done
  [pending] story  Implement jq string and Unicode builtins.  [builtin-002]

Block: Build Block 16 · Service  [block-16]   — 0/1 stories done
  [pending] story  Implement jq regular-expression builtins.  [builtin-003]

Block: Build Block 17 · Service  [block-17]   — 0/1 stories done
  [pending] story  Implement formatting, date, math, and environment builtins.  [builtin-004]

Block: Build Block 18 · Service  [block-18]   — 0/1 stories done
  [pending] story  Implement jq streaming, I/O, debugging, and SQL-style builtins.  [builtin-005]

Block: Build Block 19 · Service  [block-19]   — 0/1 stories done
  [pending] story  Add bounded implementation verification for the interpreter.  [verify-002]

Block: Build Block 20 · Feature  [block-20]   — 0/1 stories done
  [pending] story  Run the complete jq conformance acceptance gate.  [verify-003]

Steps: 20 total — 0 done, 0 in review, 11 pending, 1 blocked by questions, 1 failed (0% complete)
Buildable now: block-9
Failed (resume with drydock build, or --step <id>; --reset discards work instead): eval-002
Build score evidence: none
Target - committed project workspace git store
