Drydock 0.2.0  Copyright (c) 2026 Web Cloud Studio. All rights reserved.
Drydock status — jq / jq

  Target          /mnt/c/Users/barlo/projects/drydock/uat/jq/runs/20260817.024254/workspace/targets/jq
  Phase           Implement
  State           Error: target verification interrupted by build agent
  Metadata        building · running
  Sources         9 imported · 20 authored blueprint files
  Analysis        Questions · 18 stories · 1 question · 0 blockers
  Review          1 open blocking decision · 1 questionnaire
  Blueprint       ⚠  0 errors · 8 warnings
    ⚠  Naming conventions: Unexpected file name: builtin_compact.md
    ⚠  Naming conventions: Unexpected file name: exclusions_compact.md
    ⚠  Naming conventions: Unexpected file name: full_test_compact.md
    ⚠  Naming conventions: Unexpected file name: jq-manual_compact.md
    ⚠  Naming conventions: Unexpected file name: jq_compact.md
    ⚠  Naming conventions: Unexpected file name: lexer_compact.md
    ⚠  Naming conventions: Unexpected file name: parser_compact.md
    ⚠  Naming conventions: Unexpected file name: run_conformance_compact.md
  Plan            approved · 0/20 verified  pending 11 · implemented 0 · failed 1
  Frontier        (none)
  Next step       drydock run quarterdeck jq
