Drydock 0.2.0  Copyright (c) 2026 Web Cloud Studio. All rights reserved.

Acceptance verification: jq  (2026-08-17T04:28:49+00:00)
  PASS 24   FAIL 23   UNVERIFIED 0   PREPASSED 13   (60 AC)

  ✓ PASS        architecture-stream-contract            architecture  ARCHITECTURE.md
  ✓ PASS        architecture-generator-order            architecture  ARCHITECTURE.md
  ✓ PASS        architecture-runtime-status             architecture  ARCHITECTURE.md
  ✓ PASS        cli-001-single-input                    cli-001       FEATURE-CLI-001.md
  ✓ PASS        cli-001-multiple-inputs                 cli-001       FEATURE-CLI-001.md
  ✓ PASS        cli-001-generator-output                cli-001       FEATURE-CLI-001.md
  ~ PREPASSED   cli-002-compile-error                   cli-002       FEATURE-CLI-002.md
        intent: Invalid jq syntax is rejected with compile exit status 3 and a stderr diagnostic.
        green at this block's baseline too, before its code existed — confirm the criterion exercises the story's work

  ~ PREPASSED   cli-002-runtime-error                   cli-002       FEATURE-CLI-002.md
        intent: A compiled filter that raises at runtime returns exit status 5 and keeps diagnostics off stdout.
        green at this block's baseline too, before its code existed — confirm the criterion exercises the story's work

  ~ PREPASSED   cli-002-partial-output                  cli-002       FEATURE-CLI-002.md
        intent: Results emitted before a runtime error remain on stdout while the process returns runtime exit status 5.
        green at this block's baseline too, before its code existed — confirm the criterion exercises the story's work

  ~ PREPASSED   frontend-001-literals-and-fields        frontend-001  FEATURE-FRONTEND-001.md
        intent: Lexically valid literals, fields, and bindings compile and evaluate through the public executable.
        green at this block's baseline too, before its code existed — confirm the criterion exercises the story's work

  ✓ PASS        frontend-001-strings-and-interpolation  frontend-001  FEATURE-FRONTEND-001.md
  ~ PREPASSED   frontend-001-invalid-escape             frontend-001  FEATURE-FRONTEND-001.md
        intent: An invalid string escape is rejected during compilation.
        green at this block's baseline too, before its code existed — confirm the criterion exercises the story's work

  ~ PREPASSED   frontend-002-precedence                 frontend-002  FEATURE-FRONTEND-002.md
        intent: The parser applies jq arithmetic precedence and evaluates the resulting AST.
        green at this block's baseline too, before its code existed — confirm the criterion exercises the story's work

  ~ PREPASSED   frontend-002-collections-and-pipeline   frontend-002  FEATURE-FRONTEND-002.md
        intent: The parser accepts collection and pipeline syntax and preserves the collected values.
        green at this block's baseline too, before its code existed — confirm the criterion exercises the story's work

  ~ PREPASSED   frontend-002-invalid-syntax             frontend-002  FEATURE-FRONTEND-002.md
        intent: The parser rejects an unterminated object expression with compile exit status 3.
        green at this block's baseline too, before its code existed — confirm the criterion exercises the story's work

  ✓ PASS        frontend-002-assignment-syntax          frontend-002  FEATURE-FRONTEND-002.md
  ✓ PASS        frontend-003-functions                  frontend-003  FEATURE-FRONTEND-003.md
  ✗ FAIL        frontend-003-bindings                   frontend-003  FEATURE-FRONTEND-003.md
        intent: The implementation passes the authoritative corpus cases for lexical bindings and destructuring.
        assertion: assert result.returncode == 0 → AssertionError
        raised at: frontend-003-bindings.py:14
        process exit code: 1
        values at failure:
          result = CompletedProcess(args=['/mnt/c/Users/barlo/projects/drydock/.venv/bin/python3', 'sources/run_conformance.py', '--select', 'Variables|Destructuring| as \\$|closures and lexical scoping|destructuring'], returncode=1, stdout="FAIL jq.test:490  output mismatch\n    program:  reduce range(65540;65536;-1) as $i ([]; .[$i] = $i)|.[65536:]\n    input:    null\n    expected: ['[null,65537,65538,65539,65540… (+192 chars)
        criterion code:
             1 | import os
             2 | import subprocess
             3 | import sys
             4 |
             5 | pattern = r"Variables|Destructuring| as \$|closures and lexical scoping|destructuring"
             6 | result = subprocess.run(
             7 |     [sys.executable, "sources/run_conformance.py", "--select", pattern],
             8 |     capture_output=True,
             9 |     text=True,
            10 |     env={**os.environ, "JQ": f"{os.getcwd()}/jq"},
            11 | )
            12 | print(result.stdout)
            13 | print(result.stderr, file=sys.stderr)
          > 14 | assert result.returncode == 0
        observed output:
          FAIL jq.test:490  output mismatch
              program:  reduce range(65540;65536;-1) as $i ([]; .[$i] = $i)|.[65536:]
              input:    null
              expected: ['[null,65537,65538,65539,65540]']
              actual:   (no output)
              stderr:   Cannot update field at array index of string
          jq conformance: 60 passed, 1 failed, 0 errored, 2 skipped (corpus jq.test @ jq-1.8.2)
        check stderr:
          Traceback (most recent call last):
            File "frontend-003-bindings.py", line 14, in <module>
              assert result.returncode == 0
                     ^^^^^^^^^^^^^^^^^^^^^^
          AssertionError

  ✓ PASS        frontend-003-alternatives               frontend-003  FEATURE-FRONTEND-003.md
  ~ PREPASSED   verify-001-harness-list                 verify-001    FEATURE-VERIFY-001.md
        intent: The staged conformance runner can parse the staged corpus and exclusions without a harness error.
        green at this block's baseline too, before its code existed — confirm the criterion exercises the story's work

  ~ PREPASSED   verify-001-script-contract              verify-001    FEATURE-VERIFY-001.md
        intent: The staged scoring script is executable by POSIX sh and reaches the candidate interface check.
        green at this block's baseline too, before its code existed — confirm the criterion exercises the story's work

  ✓ PASS        eval-001-streams                        eval-001      FEATURE-EVAL-001.md
  ~ PREPASSED   eval-001-collections                    eval-001      FEATURE-EVAL-001.md
        intent: The implementation passes the authoritative corpus cases for array and object collection and generator multiplicity.
        green at this block's baseline too, before its code existed — confirm the criterion exercises the story's work

  ✓ PASS        eval-001-backtracking                   eval-001      FEATURE-EVAL-001.md
  ~ PREPASSED   eval-002-operators                      eval-002      FEATURE-EVAL-002.md
        intent: The implementation passes the authoritative corpus cases for arithmetic, comparison, equality, ordering, and type-dispatched operations.
        green at this block's baseline too, before its code existed — confirm the criterion exercises the story's work

  ✓ PASS        eval-002-conditionals                   eval-002      FEATURE-EVAL-002.md
  ~ PREPASSED   eval-002-errors                         eval-002      FEATURE-EVAL-002.md
        intent: The implementation passes the authoritative corpus cases for runtime errors, try/catch, and optional filters.
        green at this block's baseline too, before its code existed — confirm the criterion exercises the story's work

  ✗ FAIL        eval-003-reduction                      eval-003      FEATURE-EVAL-003.md
        intent: The implementation passes the authoritative corpus cases for reduce and foreach.
        assertion: assert result.returncode == 0 → AssertionError
        raised at: eval-003-reduction.py:14
        process exit code: 1
        values at failure:
          result = CompletedProcess(args=['/mnt/c/Users/barlo/projects/drydock/.venv/bin/python3', 'sources/run_conformance.py', '--select', 'reduce|foreach|intermediate|accumul'], returncode=1, stdout="FAIL jq.test:490  output mismatch\n    program:  reduce range(65540;65536;-1) as $i ([]; .[$i] = $i)|.[65536:]\n    input:    null\n    expected: ['[null,65537,65538,65539,65540]']\n    actual:   (no output)\n    std… (+153 chars)
        criterion code:
             1 | import os
             2 | import subprocess
             3 | import sys
             4 |
             5 | pattern = r"reduce|foreach|intermediate|accumul"
             6 | result = subprocess.run(
             7 |     [sys.executable, "sources/run_conformance.py", "--select", pattern],
             8 |     capture_output=True,
             9 |     text=True,
            10 |     env={**os.environ, "JQ": f"{os.getcwd()}/jq"},
            11 | )
            12 | print(result.stdout)
            13 | print(result.stderr, file=sys.stderr)
          > 14 | assert result.returncode == 0
        observed output:
          FAIL jq.test:490  output mismatch
              program:  reduce range(65540;65536;-1) as $i ([]; .[$i] = $i)|.[65536:]
              input:    null
              expected: ['[null,65537,65538,65539,65540]']
              actual:   (no output)
              stderr:   Cannot update field at array index of string
          jq conformance: 31 passed, 1 failed, 0 errored, 0 skipped (corpus jq.test @ jq-1.8.2)
        check stderr:
          Traceback (most recent call last):
            File "eval-003-reduction.py", line 14, in <module>
              assert result.returncode == 0
                     ^^^^^^^^^^^^^^^^^^^^^^
          AssertionError

  ✗ FAIL        eval-003-bounds                         eval-003      FEATURE-EVAL-003.md
        intent: The implementation passes the authoritative corpus cases for limit, skip, first, last, and nth.
        assertion: assert result.returncode == 0 → AssertionError
        raised at: eval-003-bounds.py:14
        process exit code: 1
        values at failure:
          result = CompletedProcess(args=['/mnt/c/Users/barlo/projects/drydock/.venv/bin/python3', 'sources/run_conformance.py', '--select', 'limit|skip|first\\(|last\\(|nth\\('], returncode=1, stdout='FAIL jq.test:361  program did not compile: unknown function limit/2\n    program:  [limit(3; .[])]\n    input:    [11,22,33,44,55,66,77,88,99]\n    expected: [\'[11,22,33]\']\n    actual:   (no output)\n    stderr:   … (+3178 chars)
        criterion code:
             1 | import os
             2 | import subprocess
             3 | import sys
             4 |
             5 | pattern = r"limit|skip|first\(|last\(|nth\("
             6 | result = subprocess.run(
             7 |     [sys.executable, "sources/run_conformance.py", "--select", pattern],
             8 |     capture_output=True,
             9 |     text=True,
            10 |     env={**os.environ, "JQ": f"{os.getcwd()}/jq"},
            11 | )
            12 | print(result.stdout)
            13 | print(result.stderr, file=sys.stderr)
          > 14 | assert result.returncode == 0
        observed output:
          FAIL jq.test:425  output mismatch
              program:  [nth(5,7; range(9;0;-1))]
              input:    null
              expected: ['[4,2]']
              actual:   ['[4,4,4,4,4,4,4,4,4,2,2,2,2,2,2,2,2,2]']
          FAIL jq.test:1895  program did not compile: unknown function strptime/1
              program:  last(range(365 * 67)|("1970-03-01T01:02:03Z"|strptime("%Y-%m-%dT%H:%M:%SZ")|mktime) + (86400 * .)|strftime("%Y-%m-%dT%H:%M:%SZ")|strptime("%Y-%m-%dT%H:%M:%SZ"))
              input:    null
              expected: ['[2037,1,11,1,2,3,3,41]']
              actual:   (no output)
              stderr:   unknown function strptime/1
          jq conformance: 5 passed, 14 failed, 0 errored, 0 skipped (corpus jq.test @ jq-1.8.2)
        check stderr:
          Traceback (most recent call last):
            File "eval-003-bounds.py", line 14, in <module>
              assert result.returncode == 0
                     ^^^^^^^^^^^^^^^^^^^^^^
          AssertionError

  ✗ FAIL        eval-003-recursion                      eval-003      FEATURE-EVAL-003.md
        intent: The implementation passes the authoritative corpus cases for while, until, repeat, labels, breaks, and recursive generators.
        assertion: assert result.returncode == 0 → AssertionError
        raised at: eval-003-recursion.py:14
        process exit code: 1
        values at failure:
          result = CompletedProcess(args=['/mnt/c/Users/barlo/projects/drydock/.venv/bin/python3', 'sources/run_conformance.py', '--select', 'while|until|repeat|label|break|Recursion|recurse'], returncode=1, stdout="FAIL jq.test:311  program did not compile: unknown function while/2\n    program:  [while(.<100; .*2)]\n    input:    1\n    expected: ['[1,2,4,8,16,32,64]']\n    actual:   (no output)\n    stderr:   unk… (+392 chars)
        criterion code:
             1 | import os
             2 | import subprocess
             3 | import sys
             4 |
             5 | pattern = r"while|until|repeat|label|break|Recursion|recurse"
             6 | result = subprocess.run(
             7 |     [sys.executable, "sources/run_conformance.py", "--select", pattern],
             8 |     capture_output=True,
             9 |     text=True,
            10 |     env={**os.environ, "JQ": f"{os.getcwd()}/jq"},
            11 | )
            12 | print(result.stdout)
            13 | print(result.stderr, file=sys.stderr)
          > 14 | assert result.returncode == 0
        observed output:
              program:  [while(.<100; .*2)]
              input:    1
              expected: ['[1,2,4,8,16,32,64]']
              actual:   (no output)
              stderr:   unknown function while/2
          FAIL jq.test:329  program did not compile: unknown function until/2
              program:  [.[]|[.,1]|until(.[0] < 1; [.[0] - 1, .[1] * .[0]])|.[1]]
              input:    [1,2,3,4,5]
              expected: ['[1,2,6,24,120]']
              actual:   (no output)
              stderr:   unknown function until/2
          jq conformance: 7 passed, 2 failed, 0 errored, 0 skipped (corpus jq.test @ jq-1.8.2)
        check stderr:
          Traceback (most recent call last):
            File "eval-003-recursion.py", line 14, in <module>
              assert result.returncode == 0
                     ^^^^^^^^^^^^^^^^^^^^^^
          AssertionError

  ✗ FAIL        data-001-structure                      data-001      FEATURE-DATA-001.md
        intent: The implementation passes the authoritative corpus cases for JSON values, indexing, slicing, iteration, typing, and Unicode lengths.
        assertion: assert result.returncode == 0 → AssertionError
        raised at: data-001-structure.py:14
        process exit code: 1
        values at failure:
          result = CompletedProcess(args=['/mnt/c/Users/barlo/projects/drydock/.venv/bin/python3', 'sources/run_conformance.py', '--select', 'Types and Values|Field access|Array/String Slice|Array/Object Value Iterator|Slicing|length|utf8bytelength|type'], returncode=1, stdout='FAIL jq.test:741  output mismatch\n    program:  utf8bytelength\n    input:    "asdf\\u03bc"\n    expected: [\'6\']\n    actual:   [\'5\']\n… (+1137 chars)
        criterion code:
             1 | import os
             2 | import subprocess
             3 | import sys
             4 |
             5 | pattern = r"Types and Values|Field access|Array/String Slice|Array/Object Value Iterator|Slicing|length|utf8bytelength|type"
             6 | result = subprocess.run(
             7 |     [sys.executable, "sources/run_conformance.py", "--select", pattern],
             8 |     capture_output=True,
             9 |     text=True,
            10 |     env={**os.environ, "JQ": f"{os.getcwd()}/jq"},
            11 | )
            12 | print(result.stdout)
            13 | print(result.stderr, file=sys.stderr)
          > 14 | assert result.returncode == 0
        observed output:
              program:  builtins|length > 10
              input:    null
              expected: ['true']
              actual:   (no output)
              stderr:   unknown filter at position 0
          FAIL jq.test:2275  output mismatch
              program:  [1E+1000,-1E+1000 | length | tojson] | unique == if have_decnum then ["1E+1000"] else ["1.7976931348623157e+308"] end
              input:    null
              expected: ['true']
              actual:   (no output)
              stderr:   Out of range float values are not JSON compliant: inf
          jq conformance: 5 passed, 4 failed, 0 errored, 2 skipped (corpus jq.test @ jq-1.8.2)
        check stderr:
          Traceback (most recent call last):
            File "data-001-structure.py", line 14, in <module>
              assert result.returncode == 0
                     ^^^^^^^^^^^^^^^^^^^^^^
          AssertionError

  ✗ FAIL        data-001-ordering                       data-001      FEATURE-DATA-001.md
        intent: The implementation passes the authoritative corpus cases for equality, ordering, sorting order, and containment.
        assertion: assert result.returncode == 0 → AssertionError
        raised at: data-001-ordering.py:14
        process exit code: 1
        values at failure:
          result = CompletedProcess(args=['/mnt/c/Users/barlo/projects/drydock/.venv/bin/python3', 'sources/run_conformance.py', '--select', 'equality|comparison|sort|contains|inside|keys|has\\('], returncode=1, stdout='FAIL jq.test:1677  program did not compile: unknown function sort_by/1\n    program:  (sort_by(.b) | sort_by(.a)), sort_by(.a, .b), sort_by(.b, .c), group_by(.b), group_by(.a + .b - .c == 2)\n    inp… (+1043 chars)
        criterion code:
             1 | import os
             2 | import subprocess
             3 | import sys
             4 |
             5 | pattern = r"equality|comparison|sort|contains|inside|keys|has\("
             6 | result = subprocess.run(
             7 |     [sys.executable, "sources/run_conformance.py", "--select", pattern],
             8 |     capture_output=True,
             9 |     text=True,
            10 |     env={**os.environ, "JQ": f"{os.getcwd()}/jq"},
            11 | )
            12 | print(result.stdout)
            13 | print(result.stderr, file=sys.stderr)
          > 14 | assert result.returncode == 0
        observed output:
              program:  (sort_by(.b) | sort_by(.a)), sort_by(.a, .b), sort_by(.b, .c), group_by(.b), group_by(.a + .b - .c == 2)
              input:    [{"a": 1, "b": 4, "c": 14}, {"a": 4, "b": 1, "c": 3}, {"a": 1, "b": 4, "c": 3}, {"a": 0, "b": 2, "c": 43}]
              expected: ['[{"a": 0, "b": 2, "c": 43}, {"a": 1, "b": 4, "c": 14}, {"a": 1, "b": 4, "c": 3}, {"a": 4, "b": 1, "c": 3}]', '[{"a": 0, "b": 2, "c": 43}, {"a": 1, "b": 4, "c": 14}, {"a": 1, "b": 4, "c": 3}, {"a": 4, "b": 1, "c": 3}]', '[{"a": 4, "b": 1, "c": 3}, {"a": 0, "b": 2, "c": 43}, {"a": 1, "b": 4, "c": 3}, {"a": 1, "b": 4, "c": 14}]', '[[{"a": 4, "b": 1, "c": 3}], [{"a": 0, "b": 2, "c": 43}], [{"a": 1, "b": 4, "c": 14}, {"a": 1, "b": 4, "c": 3}]]', '[[{"a": 1, "b": 4, "c": 14}, {"a": 0, "b": 2, "c": 43}], [{"a": 4, "b": 1, "c": 3}, {"a": 1, "b": 4, "c": 3}]]']
              actual:   (no output)
              stderr:   unknown function sort_by/1
          FAIL jq.test:1733  output mismatch
              program:  has(nan)
              input:    [0,1,2]
              expected: ['false']
              actual:   (no output)
              stderr:   unknown function nan
          jq conformance: 26 passed, 2 failed, 0 errored, 0 skipped (corpus jq.test @ jq-1.8.2)
        check stderr:
          Traceback (most recent call last):
            File "data-001-ordering.py", line 14, in <module>
              assert result.returncode == 0
                     ^^^^^^^^^^^^^^^^^^^^^^
          AssertionError

  ✗ FAIL        data-001-numbers                        data-001      FEATURE-DATA-001.md
        intent: The implementation passes the authoritative corpus cases for numeric literals, floating-point behavior, NaN, infinity, and compact JSON conversion.
        assertion: assert result.returncode == 0 → AssertionError
        raised at: data-001-numbers.py:14
        process exit code: 1
        values at failure:
          result = CompletedProcess(args=['/mnt/c/Users/barlo/projects/drydock/.venv/bin/python3', 'sources/run_conformance.py', '--select', 'number|numbers|nan|infinite|decnum|literal number|tojson|fromjson'], returncode=1, stdout='FAIL jq.test:689  output mismatch\n    program:  [(infinite, -infinite) % (1, -1, infinite)]\n    input:    null\n    expected: [\'[0,0,0,0,0,-1]\']\n    actual:   (no output)\n    stder… (+5659 chars)
        criterion code:
             1 | import os
             2 | import subprocess
             3 | import sys
             4 |
             5 | pattern = r"number|numbers|nan|infinite|decnum|literal number|tojson|fromjson"
             6 | result = subprocess.run(
             7 |     [sys.executable, "sources/run_conformance.py", "--select", pattern],
             8 |     capture_output=True,
             9 |     text=True,
            10 |     env={**os.environ, "JQ": f"{os.getcwd()}/jq"},
            11 | )
            12 | print(result.stdout)
            13 | print(result.stderr, file=sys.stderr)
          > 14 | assert result.returncode == 0
        observed output:
              stderr:   unknown function nan
          FAIL jq.test:2475  output mismatch
              program:  try ([range(3)] | .[nan] = 9) catch .
              input:    null
              expected: ['"Cannot set array element at NaN index"']
              actual:   ['"invalid update path"']
          FAIL jq.test:2498  output mismatch
              program:  try fromjson catch .
              input:    "{'a': 123}"
              expected: ['"Invalid string literal; expected \\", but got \' at line 1, column 5 (while parsing \'{\'a\': 123}\')"']
              actual:   ['"Expecting property name enclosed in double quotes: line 1 column 2 (char 1)"']
          jq conformance: 9 passed, 22 failed, 0 errored, 0 skipped (corpus jq.test @ jq-1.8.2)
        check stderr:
          Traceback (most recent call last):
            File "data-001-numbers.py", line 14, in <module>
              assert result.returncode == 0
                     ^^^^^^^^^^^^^^^^^^^^^^
          AssertionError

  ✗ FAIL        data-002-path-roundtrip                 data-002      FEATURE-DATA-002.md
        intent: Path lookup and replacement round-trip through the executable.
        assertion: assert result.returncode == 0 → AssertionError
        raised at: data-002-path-roundtrip.py:7
        process exit code: 1
        values at failure:
          result = CompletedProcess(args=['./jq', '-c', '[path(.a.b[1]), getpath(["a","b",1]), setpath(["a","b",1]; 9)]'], returncode=3, stdout='', stderr='unknown function path/1\n')
        criterion code:
             1 | import json
             2 | import subprocess
             3 |
             4 | source = '{"a":{"b":[0,1]}}'
             5 | program = '[path(.a.b[1]), getpath(["a","b",1]), setpath(["a","b",1]; 9)]'
             6 | result = subprocess.run(["./jq", "-c", program], input=source, text=True, capture_output=True)
          >  7 | assert result.returncode == 0
             8 | values = [json.loads(line) for line in result.stdout.splitlines()]
             9 | assert values[0][0] == ["a", "b", 1]
            10 | assert values[0][1] == 1
            11 | assert values[0][2]["a"]["b"][1] == 9
        check stderr:
          Traceback (most recent call last):
            File "data-002-path-roundtrip.py", line 7, in <module>
              assert result.returncode == 0
                     ^^^^^^^^^^^^^^^^^^^^^^
          AssertionError

  ✗ FAIL        data-002-discovery                      data-002      FEATURE-DATA-002.md
        intent: Recursive path discovery returns every non-root structural path.
        assertion: assert result.returncode == 0 → AssertionError
        raised at: data-002-discovery.py:7
        process exit code: 1
        values at failure:
          result = CompletedProcess(args=['./jq', '-c', '[paths]'], returncode=3, stdout='', stderr='unknown filter at position 1\n')
        criterion code:
            1 | import json
            2 | import subprocess
            3 |
            4 | source = '{"a":[1,{"b":2}]}'
            5 | program = '[paths]'
            6 | result = subprocess.run(["./jq", "-c", program], input=source, text=True, capture_output=True)
          > 7 | assert result.returncode == 0
            8 | actual = json.loads(result.stdout)
            9 | assert actual == [["a"], ["a", 0], ["a", 1], ["a", 1, "b"]]
        check stderr:
          Traceback (most recent call last):
            File "data-002-discovery.py", line 7, in <module>
              assert result.returncode == 0
                     ^^^^^^^^^^^^^^^^^^^^^^
          AssertionError

  ✓ PASS        data-002-deletion                       data-002      FEATURE-DATA-002.md
  ✗ FAIL        data-003-plain-assignment               data-003      FEATURE-DATA-003.md
        intent: Plain assignment reads the right-hand side from the original input.
        assertion: assert actual == {"a": 20, "b": 20} → AssertionError
        raised at: data-003-plain-assignment.py:9
        process exit code: 1
        values at failure:
          actual = {'a': 10, 'b': 20}
        criterion code:
            1 | import json
            2 | import subprocess
            3 |
            4 | source = '{"a":{"b":10},"b":20}'
            5 | program = '.a = .b'
            6 | result = subprocess.run(["./jq", "-c", program], input=source, text=True, capture_output=True)
            7 | assert result.returncode == 0
            8 | actual = json.loads(result.stdout)
          > 9 | assert actual == {"a": 20, "b": 20}
        check stderr:
          Traceback (most recent call last):
            File "data-003-plain-assignment.py", line 9, in <module>
              assert actual == {"a": 20, "b": 20}
                     ^^^^^^^^^^^^^^^^^^^^^^^^^^^^
          AssertionError

  ✓ PASS        data-003-update-assignment              data-003      FEATURE-DATA-003.md
  ✓ PASS        data-003-complex-assignment             data-003      FEATURE-DATA-003.md
  ✓ PASS        data-003-empty-update                   data-003      FEATURE-DATA-003.md
  ✗ FAIL        builtin-001-collections                 builtin-001   FEATURE-BUILTIN-001.md
        intent: Mapping and selection preserve array order and filter values.
        assertion: assert actual == [6, 4, 2] → AssertionError
        raised at: builtin-001-collections.py:9
        process exit code: 1
        values at failure:
          actual = [6, 4]
        criterion code:
            1 | import json
            2 | import subprocess
            3 |
            4 | source = '[1,5,3,0]'
            5 | program = 'map(select(. >= 2) | . + 1)'
            6 | result = subprocess.run(["./jq", "-c", program], input=source, text=True, capture_output=True)
            7 | assert result.returncode == 0
            8 | actual = json.loads(result.stdout)
          > 9 | assert actual == [6, 4, 2]
        check stderr:
          Traceback (most recent call last):
            File "builtin-001-collections.py", line 9, in <module>
              assert actual == [6, 4, 2]
                     ^^^^^^^^^^^^^^^^^^^
          AssertionError

  ✓ PASS        builtin-001-sorting                     builtin-001   FEATURE-BUILTIN-001.md
  ✗ FAIL        builtin-001-objects                     builtin-001   FEATURE-BUILTIN-001.md
        intent: Entry conversion and object updates preserve keys and values.
        assertion: assert result.returncode == 0 → AssertionError
        raised at: builtin-001-objects.py:7
        process exit code: 1
        values at failure:
          result = CompletedProcess(args=['./jq', '-c', 'to_entries | map(.key |= "x_" + .) | from_entries'], returncode=3, stdout='', stderr='unknown filter at position 0\n')
        criterion code:
            1 | import json
            2 | import subprocess
            3 |
            4 | source = '{"a":1,"b":2}'
            5 | program = 'to_entries | map(.key |= "x_" + .) | from_entries'
            6 | result = subprocess.run(["./jq", "-c", program], input=source, text=True, capture_output=True)
          > 7 | assert result.returncode == 0
            8 | actual = json.loads(result.stdout)
            9 | assert actual == {"x_a": 1, "x_b": 2}
        check stderr:
          Traceback (most recent call last):
            File "builtin-001-objects.py", line 7, in <module>
              assert result.returncode == 0
                     ^^^^^^^^^^^^^^^^^^^^^^
          AssertionError

  ✗ FAIL        builtin-001-aggregates                  builtin-001   FEATURE-BUILTIN-001.md
        intent: Grouping and flattening produce deterministic aggregate values.
        assertion: assert result.returncode == 0 → AssertionError
        raised at: builtin-001-aggregates.py:7
        process exit code: 1
        values at failure:
          result = CompletedProcess(args=['./jq', '-c', '[group_by(.k), ([1,[2],[[3]]] | flatten)]'], returncode=3, stdout='', stderr='unknown function group_by/1\n')
        criterion code:
            1 | import json
            2 | import subprocess
            3 |
            4 | source = '[{"k":2},{"k":1},{"k":2}]'
            5 | program = '[group_by(.k), ([1,[2],[[3]]] | flatten)]'
            6 | result = subprocess.run(["./jq", "-c", program], input=source, text=True, capture_output=True)
          > 7 | assert result.returncode == 0
            8 | actual = json.loads(result.stdout)
            9 | assert actual == [[[{"k": 1}], [{"k": 2}, {"k": 2}]], [1, 2, 3]]
        check stderr:
          Traceback (most recent call last):
            File "builtin-001-aggregates.py", line 7, in <module>
              assert result.returncode == 0
                     ^^^^^^^^^^^^^^^^^^^^^^
          AssertionError

  ✗ FAIL        builtin-002-string-operations           builtin-002   FEATURE-BUILTIN-002.md
        intent: String splitting, joining, trimming, and indexing return jq-compatible values.
        assertion: assert result.returncode == 0 → AssertionError
        raised at: builtin-002-string-operations.py:7
        process exit code: 1
        values at failure:
          result = CompletedProcess(args=['./jq', '-c', '[trim, split(","), (split(",") | join("-")), indices("a")]'], returncode=3, stdout='', stderr='unknown filter at position 1\n')
        criterion code:
            1 | import json
            2 | import subprocess
            3 |
            4 | source = '"  a,b  "'
            5 | program = '[trim, split(","), (split(",") | join("-")), indices("a")]'
            6 | result = subprocess.run(["./jq", "-c", program], input=source, text=True, capture_output=True)
          > 7 | assert result.returncode == 0
            8 | actual = json.loads(result.stdout)
            9 | assert actual == ["a,b", ["  a", "b  "], "  a-b  ", [2]]
        check stderr:
          Traceback (most recent call last):
            File "builtin-002-string-operations.py", line 7, in <module>
              assert result.returncode == 0
                     ^^^^^^^^^^^^^^^^^^^^^^
          AssertionError

  ✗ FAIL        builtin-002-unicode                     builtin-002   FEATURE-BUILTIN-002.md
        intent: Explode and implode round-trip Unicode codepoints.
        assertion: assert result.returncode == 0 → AssertionError
        raised at: builtin-002-unicode.py:7
        process exit code: 1
        values at failure:
          result = CompletedProcess(args=['./jq', '-c', 'explode | implode'], returncode=3, stdout='', stderr='unknown filter at position 0\n')
        criterion code:
            1 | import json
            2 | import subprocess
            3 |
            4 | source = '"μé"'
            5 | program = 'explode | implode'
            6 | result = subprocess.run(["./jq", "-c", program], input=source, text=True, capture_output=True)
          > 7 | assert result.returncode == 0
            8 | actual = json.loads(result.stdout)
            9 | assert actual == json.loads(source)
        check stderr:
          Traceback (most recent call last):
            File "builtin-002-unicode.py", line 7, in <module>
              assert result.returncode == 0
                     ^^^^^^^^^^^^^^^^^^^^^^
          AssertionError

  ✓ PASS        builtin-002-conversion                  builtin-002   FEATURE-BUILTIN-002.md
  ✓ PASS        builtin-002-error                       builtin-002   FEATURE-BUILTIN-002.md
  ✗ FAIL        builtin-003-test                        builtin-003   FEATURE-BUILTIN-003.md
        intent: Regex test supports matching and case-insensitive flags.
        assertion: assert result.returncode == 0 → AssertionError
        raised at: builtin-003-test.py:7
        process exit code: 1
        values at failure:
          result = CompletedProcess(args=['./jq', '-c', 'map(test("abc"; "i"))'], returncode=3, stdout='', stderr='unknown function test/2\n')
        criterion code:
            1 | import json
            2 | import subprocess
            3 |
            4 | source = '["abc","ABC","xyz"]'
            5 | program = 'map(test("abc"; "i"))'
            6 | result = subprocess.run(["./jq", "-c", program], input=source, text=True, capture_output=True)
          > 7 | assert result.returncode == 0
            8 | actual = json.loads(result.stdout)
            9 | assert actual == [True, True, False]
        check stderr:
          Traceback (most recent call last):
            File "builtin-003-test.py", line 7, in <module>
              assert result.returncode == 0
                     ^^^^^^^^^^^^^^^^^^^^^^
          AssertionError

  ✗ FAIL        builtin-003-match                       builtin-003   FEATURE-BUILTIN-003.md
        intent: Global matching returns match objects with offsets and lengths.
        assertion: assert result.returncode == 0 → AssertionError
        raised at: builtin-003-match.py:7
        process exit code: 1
        values at failure:
          result = CompletedProcess(args=['./jq', '-c', '[match("ab"; "g") | {offset, length, string}]'], returncode=3, stdout='', stderr='unknown function match/2\n')
        criterion code:
             1 | import json
             2 | import subprocess
             3 |
             4 | source = '"ab ab"'
             5 | program = '[match("ab"; "g") | {offset, length, string}]'
             6 | result = subprocess.run(["./jq", "-c", program], input=source, text=True, capture_output=True)
          >  7 | assert result.returncode == 0
             8 | actual = json.loads(result.stdout)
             9 | assert actual == [
            10 |     {"offset": 0, "length": 2, "string": "ab"},
            11 |     {"offset": 3, "length": 2, "string": "ab"},
            12 | ]
        check stderr:
          Traceback (most recent call last):
            File "builtin-003-match.py", line 7, in <module>
              assert result.returncode == 0
                     ^^^^^^^^^^^^^^^^^^^^^^
          AssertionError

  ✗ FAIL        builtin-003-capture                     builtin-003   FEATURE-BUILTIN-003.md
        intent: Named captures are returned by capture and scan.
        assertion: assert result.returncode == 0 → AssertionError
        raised at: builtin-003-capture.py:7
        process exit code: 1
        values at failure:
          result = CompletedProcess(args=['./jq', '-c', 'capture("(?<word>[a-z]+)-(?<number>[0-9]+)")'], returncode=3, stdout='', stderr='unknown function capture/1\n')
        criterion code:
            1 | import json
            2 | import subprocess
            3 |
            4 | source = '"abc-42"'
            5 | program = 'capture("(?<word>[a-z]+)-(?<number>[0-9]+)")'
            6 | result = subprocess.run(["./jq", "-c", program], input=source, text=True, capture_output=True)
          > 7 | assert result.returncode == 0
            8 | actual = json.loads(result.stdout)
            9 | assert actual == {"word": "abc", "number": "42"}
        check stderr:
          Traceback (most recent call last):
            File "builtin-003-capture.py", line 7, in <module>
              assert result.returncode == 0
                     ^^^^^^^^^^^^^^^^^^^^^^
          AssertionError

  ✗ FAIL        builtin-003-substitution                builtin-003   FEATURE-BUILTIN-003.md
        intent: Global substitution replaces every non-overlapping match.
        assertion: assert result.returncode == 0 → AssertionError
        raised at: builtin-003-substitution.py:7
        process exit code: 1
        values at failure:
          result = CompletedProcess(args=['./jq', '-c', 'gsub("a"; "X")'], returncode=3, stdout='', stderr='unknown function gsub/2\n')
        criterion code:
            1 | import json
            2 | import subprocess
            3 |
            4 | source = '"abcabc"'
            5 | program = 'gsub("a"; "X")'
            6 | result = subprocess.run(["./jq", "-c", program], input=source, text=True, capture_output=True)
          > 7 | assert result.returncode == 0
            8 | actual = json.loads(result.stdout)
            9 | assert actual == "XbcXbc"
        check stderr:
          Traceback (most recent call last):
            File "builtin-003-substitution.py", line 7, in <module>
              assert result.returncode == 0
                     ^^^^^^^^^^^^^^^^^^^^^^
          AssertionError

  ✗ FAIL        builtin-004-formats                     builtin-004   FEATURE-BUILTIN-004.md
        intent: The implementation passes the authoritative corpus cases for jq formatting filters.
        assertion: assert result.returncode == 0 → AssertionError
        raised at: builtin-004-formats.py:13
        process exit code: 1
        values at failure:
          result = CompletedProcess(args=['/mnt/c/Users/barlo/projects/drydock/.venv/bin/python3', 'sources/run_conformance.py', '--select', '^(@text|@json|@csv|@tsv|@html|@uri|@urid|@sh|@base64|@base64d)'], returncode=1, stdout='FAIL jq.test:72  output mismatch\n    program:  @text,@json,([1,.]|@csv,@tsv),@html,(@uri|.,@urid),@sh,(@base64|.,@base64d)\n    input:    "!()<>&\'\\"\\t"\n    expected: [\'"!()<>&\\\'\\\\… (+1502 chars)
        criterion code:
             1 | import os
             2 | import subprocess
             3 | import sys
             4 |
             5 | result = subprocess.run(
             6 |     [sys.executable, "sources/run_conformance.py", "--select", r"^(@text|@json|@csv|@tsv|@html|@uri|@urid|@sh|@base64|@base64d)"],
             7 |     capture_output=True,
             8 |     text=True,
             9 |     env={**os.environ, "JQ": f"{os.getcwd()}/jq"},
            10 | )
            11 | print(result.stdout)
            12 | print(result.stderr, file=sys.stderr)
          > 13 | assert result.returncode == 0
        observed output:
              program:  @urid
              input:    "%CE%BC"
              expected: ['"\\u03bc"']
              actual:   (no output)
              stderr:   unsupported filter
          FAIL jq.test:102  program did not compile: unexpected token at position 6
              program:  @html "<b>\(.)</b>"
              input:    "<script>hax</script>"
              expected: ['"<b>&lt;script&gt;hax&lt;/script&gt;</b>"']
              actual:   (no output)
              stderr:   unexpected token at position 6
          jq conformance: 0 passed, 6 failed, 0 errored, 0 skipped (corpus jq.test @ jq-1.8.2)
        check stderr:
          Traceback (most recent call last):
            File "builtin-004-formats.py", line 13, in <module>
              assert result.returncode == 0
                     ^^^^^^^^^^^^^^^^^^^^^^
          AssertionError

  ✗ FAIL        builtin-004-dates-math                  builtin-004   FEATURE-BUILTIN-004.md
        intent: The implementation passes the authoritative corpus cases for date and mathematical builtins.
        assertion: assert result.returncode == 0 → AssertionError
        raised at: builtin-004-dates-math.py:13
        process exit code: 1
        values at failure:
          result = CompletedProcess(args=['/mnt/c/Users/barlo/projects/drydock/.venv/bin/python3', 'sources/run_conformance.py', '--select', '^(fromdate|todate|strptime|strftime|mktime|gmtime|atan|sqrt|pow|floor|infinite|nan|have_decnum)'], returncode=1, stdout='FAIL jq.test:847  program did not compile: unknown filter at position 0\n    program:  atan * 4 * 1000000|floor / 1000000\n    input:    1\n    expected: [\… (+1671 chars)
        criterion code:
             1 | import os
             2 | import subprocess
             3 | import sys
             4 |
             5 | result = subprocess.run(
             6 |     [sys.executable, "sources/run_conformance.py", "--select", r"^(fromdate|todate|strptime|strftime|mktime|gmtime|atan|sqrt|pow|floor|infinite|nan|have_decnum)"],
             7 |     capture_output=True,
             8 |     text=True,
             9 |     env={**os.environ, "JQ": f"{os.getcwd()}/jq"},
            10 | )
            11 | print(result.stdout)
            12 | print(result.stderr, file=sys.stderr)
          > 13 | assert result.returncode == 0
        observed output:
              program:  gmtime
              input:    1425599507
              expected: ['[2015,2,5,23,51,47,4,63]']
              actual:   (no output)
              stderr:   unknown filter at position 0
          FAIL jq.test:1863  program did not compile: unknown filter at position 0
              program:  gmtime[5]
              input:    1425599507.25
              expected: ['47.25']
              actual:   (no output)
              stderr:   unknown filter at position 0
          jq conformance: 0 passed, 7 failed, 0 errored, 0 skipped (corpus jq.test @ jq-1.8.2)
        check stderr:
          Traceback (most recent call last):
            File "builtin-004-dates-math.py", line 13, in <module>
              assert result.returncode == 0
                     ^^^^^^^^^^^^^^^^^^^^^^
          AssertionError

  ✓ PASS        builtin-005-streaming                   builtin-005   FEATURE-BUILTIN-005.md
  ✗ FAIL        builtin-005-sql-debug                   builtin-005   FEATURE-BUILTIN-005.md
        intent: The implementation passes the authoritative corpus cases for debugging and SQL-style builtins.
        assertion: assert result.returncode == 0 → AssertionError
        raised at: builtin-005-sql-debug.py:13
        process exit code: 1
        values at failure:
          result = CompletedProcess(args=['/mnt/c/Users/barlo/projects/drydock/.venv/bin/python3', 'sources/run_conformance.py', '--select', '^(debug|INDEX|JOIN|IN)'], returncode=1, stdout='FAIL jq.test:2089  program did not compile: unknown function INDEX/2\n    program:  INDEX(range(5)|[., "foo\\(.)"]; .[0])\n    input:    null\n    expected: [\'{"0":[0,"foo0"],"1":[1,"foo1"],"2":[2,"foo2"],"3":[3,"foo3"],"4":[4,"… (+764 chars)
        criterion code:
             1 | import os
             2 | import subprocess
             3 | import sys
             4 |
             5 | result = subprocess.run(
             6 |     [sys.executable, "sources/run_conformance.py", "--select", r"^(debug|INDEX|JOIN|IN)"],
             7 |     capture_output=True,
             8 |     text=True,
             9 |     env={**os.environ, "JQ": f"{os.getcwd()}/jq"},
            10 | )
            11 | print(result.stdout)
            12 | print(result.stderr, file=sys.stderr)
          > 13 | assert result.returncode == 0
        observed output:
              program:  JOIN({"0":[0,"abc"],"1":[1,"bcd"],"2":[2,"def"],"3":[3,"efg"],"4":[4,"fgh"]}; .[0]|tostring)
              input:    [[5,"foo"],[3,"bar"],[1,"foobar"]]
              expected: ['[[[5,"foo"],null],[[3,"bar"],[3,"efg"]],[[1,"foobar"],[1,"bcd"]]]']
              actual:   (no output)
              stderr:   unknown function JOIN/2
          FAIL jq.test:2341  program did not compile: unknown filter at position 0
              program:  debug
              input:    1
              expected: ['1']
              actual:   (no output)
              stderr:   unknown filter at position 0
          jq conformance: 2 passed, 3 failed, 0 errored, 0 skipped (corpus jq.test @ jq-1.8.2)
        check stderr:
          Traceback (most recent call last):
            File "builtin-005-sql-debug.py", line 13, in <module>
              assert result.returncode == 0
                     ^^^^^^^^^^^^^^^^^^^^^^
          AssertionError

  ✓ PASS        verify-002-cli-success                  verify-002    FEATURE-VERIFY-002.md
  ✓ PASS        verify-002-compile-error                verify-002    FEATURE-VERIFY-002.md
  ✓ PASS        verify-002-runtime-error                verify-002    FEATURE-VERIFY-002.md
  ✗ FAIL        verify-003-full-conformance             verify-003    FEATURE-VERIFY-003.md
        intent: The finished interpreter passes the complete supplied jq conformance gate.
        assertion: assert result.returncode == 0 → AssertionError
        raised at: verify-003-full-conformance.py:13
        process exit code: 1
        values at failure:
          result = CompletedProcess(args=['sh', 'sources/full_test.sh'], returncode=1, stdout='FAIL jq.test:39  program did not compile: expected } at position 19\n    program:  {x:-1},{x:-.},{x:-.|abs}\n    input:    1\n    expected: [\'{"x":-1}\', \'{"x":-1}\', \'{"x":1}\']\n    actual:   (no output)\n    stderr:   expected } at position 19\nFAIL jq.test:48  output mismatch\n    program:  .\n    input:    \ufeff"b… (+56896 chars)
        criterion code:
             1 | import os
             2 | import subprocess
             3 | import sys
             4 |
             5 | result = subprocess.run(
             6 |     ["sh", "sources/full_test.sh"],
             7 |     capture_output=True,
             8 |     text=True,
             9 |     env={**os.environ},
            10 | )
            11 | print(result.stdout)
            12 | print(result.stderr, file=sys.stderr)
          > 13 | assert result.returncode == 0
        observed output:
          FAIL jq.test:2533  output mismatch
              program:  try ["OK", setpath([[1]]; 1)] catch ["KO", .]
              input:    []
              expected: ['["KO","Cannot update field at array index of array"]']
              actual:   ['["KO","Cannot update field at array index of string"]']
          FAIL jq.test:2548  program did not compile: unknown function strflocaltime/1
              program:  strflocaltime("" | ., @uri)
              input:    0
              expected: ['""', '""']
              actual:   (no output)
              stderr:   unknown function strflocaltime/1
          jq conformance: 320 passed, 217 failed, 0 errored, 13 skipped (corpus jq.test @ jq-1.8.2)
        check stderr:
          Traceback (most recent call last):
            File "verify-003-full-conformance.py", line 13, in <module>
              assert result.returncode == 0
                     ^^^^^^^^^^^^^^^^^^^^^^
          AssertionError


  Proof coverage: 24 of 60 criteria are proof — green here, and observed red before the work that turned them green.
    13 are not. Each names a story whose acceptance did not test it.

    PREPASSED  cli-002-compile-error  cli-002  FEATURE-CLI-002.md
               green before its block built
    PREPASSED  cli-002-runtime-error  cli-002  FEATURE-CLI-002.md
               green before its block built
    PREPASSED  cli-002-partial-output  cli-002  FEATURE-CLI-002.md
               green before its block built
    PREPASSED  frontend-001-literals-and-fields  frontend-001  FEATURE-FRONTEND-001.md
               green before its block built
    PREPASSED  frontend-001-invalid-escape  frontend-001  FEATURE-FRONTEND-001.md
               green before its block built
    PREPASSED  frontend-002-precedence  frontend-002  FEATURE-FRONTEND-002.md
               green before its block built
    PREPASSED  frontend-002-collections-and-pipeline  frontend-002  FEATURE-FRONTEND-002.md
               green before its block built
    PREPASSED  frontend-002-invalid-syntax  frontend-002  FEATURE-FRONTEND-002.md
               green before its block built
    PREPASSED  verify-001-harness-list  verify-001  FEATURE-VERIFY-001.md
               green before its block built
    PREPASSED  verify-001-script-contract  verify-001  FEATURE-VERIFY-001.md
               green before its block built
    PREPASSED  eval-001-collections  eval-001  FEATURE-EVAL-001.md
               green before its block built
    PREPASSED  eval-002-operators  eval-002  FEATURE-EVAL-002.md
               green before its block built
    PREPASSED  eval-002-errors  eval-002  FEATURE-EVAL-002.md
               green before its block built

Soundings: /mnt/c/Users/barlo/projects/drydock/uat/jq/runs/20260817.024254/workspace/targets/jq/SOUNDINGS.md
Target - committed project workspace git store
