Drydock 0.2.0  Copyright (c) 2026 Web Cloud Studio. All rights reserved.
Target - setup project workspace git store
Target - committed project workspace git store
Next: drydock build jq

Blueprint: jq
Target: /mnt/c/Users/barlo/projects/drydock/uat/jq/runs/20260816.235732/workspace/targets/jq
Rows: <state> <type>  <Name>  [<id>]   — pass [<id>] to --step

Block: Build Block 1 · Foundational  [block-1]   — 0/2 stories done
  [pending] story  Define the standalone jq interpreter architecture and module boundaries.  [architecture]  <- next
  [pending] story  Declare jq Interpreter project identity and delivery metadata.  [metadata]  <- next

Block: Build Block 2 · Foundational  [block-2]   — 0/1 stories done
  [pending] story  Implement the executable jq entry point and process contract.  [cli-foundation]

Block: Build Block 3 · Service  [block-3]   — 0/1 stories done
  [pending] story  Document the jq command-line interface and verification workflow.  [cli-documentation]

Block: Build Block 4 · Service  [block-4]   — 0/1 stories done
  [pending] story  Implement jq lexical analysis for the supported language surface.  [frontend-lexer]

Block: Build Block 5 · Service  [block-5]   — 0/1 stories done
  [pending] story  Implement jq parsing, precedence, and executable AST construction.  [frontend-parser]

Block: Build Block 6 · Service  [block-6]   — 0/1 stories done
  [pending] story  Implement jq generator evaluation and stream composition.  [eval-generator]

Block: Build Block 7 · Service  [block-7]   — 0/1 stories done
  [pending] story  Implement jq operators, indexing, slicing, and value semantics.  [eval-values]

Block: Build Block 8 · Service  [block-8]   — 0/1 stories done
  [pending] story  Implement jq control flow, reductions, labels, and runtime error behavior.  [eval-control]

Block: Build Block 9 · Service  [block-9]   — 0/1 stories done
  [pending] story  Implement jq variables, destructuring, functions, closures, and lexical scope.  [lang-bindings]

Block: Build Block 10 · Service  [block-10]   — 0/1 stories done
  [pending] story  Implement jq paths, accessors, deletion, and assignment.  [lang-paths]

Block: Build Block 11 · Service  [block-11]   — 0/1 stories done
  [pending] story  Implement jq collection, structural, and containment builtins.  [builtin-structural]

Block: Build Block 12 · Service  [block-12]   — 0/1 stories done
  [pending] story  Implement jq string, regex, format, conversion, and date builtins.  [builtin-strings]

Block: Build Block 13 · Service  [block-13]   — 0/1 stories done
  [pending] story  Implement jq numeric, environment, input, debug, and streaming builtins.  [builtin-runtime]

Block: Build Block 14 · Service  [block-14]   — 0/1 stories done
  [pending] story  Run the complete supplied jq conformance suite as the terminal verification.  [conformance]

Steps: 15 total — 0 done, 0 in review, 15 pending, 0 blocked by questions, 0 failed (0% complete)
Buildable now: block-1
Build score evidence: none
