Drydock 0.2.0  Copyright (c) 2026 Web Cloud Studio. All rights reserved.
Drydock status — jq / jq

  Target          /mnt/c/Users/barlo/projects/drydock/uat/jq/runs/20260816.235732/workspace/targets/jq
  Phase           Implement
  State           Error: target verification interrupted by build agent
  Metadata        building · running
  Sources         9 imported · 15 authored blueprint files
  Analysis        Questions · 14 stories · 1 question · 0 blockers
  Review          No blockers · 1 questionnaire
  Blueprint       ✗  1 errors · 6 warnings
    ⚠  Naming conventions: Unexpected file name: full_test_compact.md
    ⚠  Naming conventions: Unexpected file name: jq-manual_compact.md
    ⚠  Naming conventions: Unexpected file name: jq_compact.md
    ⚠  Naming conventions: Unexpected file name: lexer_compact.md
    ⚠  Naming conventions: Unexpected file name: parser_compact.md
    ⚠  Naming conventions: Unexpected file name: run_conformance_compact.md
    ✗  Acceptance snippets: FEATURE-LANG-PATHS.md [assignment-errors]: reads undefined global name(s): `json`; import or
       assign each name inside this acceptance criterion
  Plan            approved · 0/15 verified  pending 9 · implemented 0 · failed 1
  Frontier        (none)
  Next step       drydock run quarterdeck jq
