Drydock 0.2.0  Copyright (c) 2026 Web Cloud Studio. All rights reserved.
Drydock status — jq / jq

  Target          /mnt/c/Users/barlo/projects/drydock/uat/jq/runs/20260816.160223/workspace/targets/jq
  Phase           Implement
  State           0/30 verified  ·  29 pending
  Metadata        planned · approved
  Sources         9 imported · 30 authored blueprint files
  Analysis        Questions · 28 stories · 1 question · 0 blockers
  Review          No blockers · 1 questionnaire
  Blueprint       ✗  2 errors · 5 warnings
    ⚠  Acceptance snippets: FEATURE-Builtins-Formats.md [formats-roundtrip]: expects '!()&lt;&gt;&amp;&apos;&quot;\\t',
       a value re-typed rather than derived from the input or read back from the system. This criterion is
       reported but does not gate its story; bind the value to a name and use that name on both sides to make it
       binding
    ⚠  Acceptance snippets: FEATURE-Builtins-Formats.md [formats-roundtrip]: expects '1,"!()<>&\'""\\t"', a value re-
       typed rather than derived from the input or read back from the system. This criterion is reported but does
       not gate its story; bind the value to a name and use that name on both sides to make it binding
    ⚠  Acceptance snippets: FEATURE-Builtins-Formats.md [formats-roundtrip]: expects '1\\t!()<>&\'"\\\\t', a value re-
       typed rather than derived from the input or read back from the system. This criterion is reported but does
       not gate its story; bind the value to a name and use that name on both sides to make it binding
    ⚠  Acceptance snippets: FEATURE-Builtins-Regex.md [regex-runtime]: expects 'Xa-bb, ab', a value re-typed rather than
       derived from the input or read back from the system. This criterion is reported but does not gate its
       story; bind the value to a name and use that name on both sides to make it binding
    ⚠  Acceptance snippets: FEATURE-Builtins-Regex.md [regex-runtime]: expects 'XX-bb, Xb', a value re-typed rather than
       derived from the input or read back from the system. This criterion is reported but does not gate its
       story; bind the value to a name and use that name on both sides to make it binding
    ✗  Acceptance snippets: FEATURE-Language-Bindings.md [bindings-patterns]: criterion is not valid Python: closing
       parenthesis ')' does not match opening parenthesis '[' (line 6)
    ✗  Acceptance snippets: FEATURE-Verification-Full.md [full-conformance]: reads undefined global name(s):
       `executable`, `full`, `python3`, `sh`, `test`; import or assign each name inside this acceptance criterion
  Plan            approved · 0/30 verified  pending 29 · implemented 0 · failed 0
  Frontier        architecture: Define the self-contained jq interpreter architecture and module boundaries.
                  verify-assets: Stage the supplied jq conformance assets and harness.
  Next step       drydock build jq  (frontier: Define the self-contained jq interpreter architecture and module boundaries., Stage the supplied jq conformance assets and harness.)
