error: acceptance verification failed for jq: 41 of 82 criteria
  eval-cartesian-function  eval-cartesian  FEATURE-Eval-Cartesian.md
    assertion: assert actual == expected → AssertionError
    raised at: eval-cartesian-function.py:14
    process exit code: 1
    values at failure:
      actual = [0, 1, 2, 0, 1, 2, 3, 1, 2, 1, 2, 3]
      expected = [0, 1, 2, 0, 1, 2, 3]
    criterion code:
         1 | import json
         2 | import subprocess
         3 |
         4 | source = 'range(0, 1; 3, 4)'
         5 | result = subprocess.run(
         6 |     ["./jq", "-c", source],
         7 |     input="null\n",
         8 |     capture_output=True,
         9 |     text=True,
        10 | )
        11 | assert result.returncode == 0
        12 | actual = [json.loads(line) for line in result.stdout.splitlines()]
        13 | expected = list(range(0, 3)) + list(range(0, 4))
      > 14 | assert actual == expected
    check stderr:
      Traceback (most recent call last):
        File "eval-cartesian-function.py", line 14, in <module>
          assert actual == expected
                 ^^^^^^^^^^^^^^^^^^
      AssertionError
  eval-cartesian-order  eval-cartesian  FEATURE-Eval-Cartesian.md
    assertion: assert result.returncode == 0 → AssertionError
    raised at: eval-cartesian-order.py:12
    process exit code: 1
    values at failure:
      result = CompletedProcess(args=['./jq', '-c', '.[]'], returncode=5, stdout='', stderr='cannot iterate value\n')
    criterion code:
         1 | import json
         2 | import subprocess
         3 |
         4 | input_values = [2, 5]
         5 | source = ".[]"
         6 | result = subprocess.run(
         7 |     ["./jq", "-c", source],
         8 |     input="\n".join(json.dumps(value) for value in input_values) + "\n",
         9 |     capture_output=True,
        10 |     text=True,
        11 | )
      > 12 | assert result.returncode == 0
        13 | actual = [json.loads(line) for line in result.stdout.splitlines()]
        14 | expected = input_values
        15 | assert actual == expected
    check stderr:
      Traceback (most recent call last):
        File "eval-cartesian-order.py", line 12, in <module>
          assert result.returncode == 0
                 ^^^^^^^^^^^^^^^^^^^^^^
      AssertionError
  values-json-roundtrip  values-model  FEATURE-Values-Model.md
    assertion: assert result.returncode == 0 → AssertionError
    raised at: values-json-roundtrip.py:12
    process exit code: 1
    values at failure:
      result = CompletedProcess(args=['/mnt/c/Users/barlo/projects/drydock/.venv/bin/python3', 'sources/run_conformance.py', '--select', 'tojson|fromjson|tostring|type|embedded NUL|NaN|nan|infinite'], returncode=2, stdout='', stderr='error: JQ is not set; give the command that runs your implementation, e.g.\n    JQ="$PWD/jq" python3 sources/run_conformance.py\n')
    criterion code:
         1 | import subprocess
         2 | import sys
         3 |
         4 | result = subprocess.run(
         5 |     [sys.executable, "sources/run_conformance.py", "--select",
         6 |      "tojson|fromjson|tostring|type|embedded NUL|NaN|nan|infinite"],
         7 |     capture_output=True,
         8 |     text=True,
         9 | )
        10 | print(result.stdout)
        11 | print(result.stderr, file=sys.stderr)
      > 12 | assert result.returncode == 0
    check stderr:
      error: JQ is not set; give the command that runs your implementation, e.g.
          JQ="$PWD/jq" python3 sources/run_conformance.py
      Traceback (most recent call last):
        File "values-json-roundtrip.py", line 12, in <module>
          assert result.returncode == 0
                 ^^^^^^^^^^^^^^^^^^^^^^
      AssertionError
  values-numeric-literals  values-model  FEATURE-Values-Model.md
    assertion: assert result.returncode == 0 → AssertionError
    raised at: values-numeric-literals.py:12
    process exit code: 1
    values at failure:
      result = CompletedProcess(args=['/mnt/c/Users/barlo/projects/drydock/.venv/bin/python3', 'sources/run_conformance.py', '--select', 'decnum|literal numbers|large|precision|have_decnum'], returncode=2, stdout='', stderr='error: JQ is not set; give the command that runs your implementation, e.g.\n    JQ="$PWD/jq" python3 sources/run_conformance.py\n')
    criterion code:
         1 | import subprocess
         2 | import sys
         3 |
         4 | result = subprocess.run(
         5 |     [sys.executable, "sources/run_conformance.py", "--select",
         6 |      "decnum|literal numbers|large|precision|have_decnum"],
         7 |     capture_output=True,
         8 |     text=True,
         9 | )
        10 | print(result.stdout)
        11 | print(result.stderr, file=sys.stderr)
      > 12 | assert result.returncode == 0
    check stderr:
      error: JQ is not set; give the command that runs your implementation, e.g.
          JQ="$PWD/jq" python3 sources/run_conformance.py
      Traceback (most recent call last):
        File "values-numeric-literals.py", line 12, in <module>
          assert result.returncode == 0
                 ^^^^^^^^^^^^^^^^^^^^^^
      AssertionError
  values-type-boundaries  values-model  FEATURE-Values-Model.md
    assertion: assert result.returncode == 0 → AssertionError
    raised at: values-type-boundaries.py:12
    process exit code: 1
    values at failure:
      result = CompletedProcess(args=['/mnt/c/Users/barlo/projects/drydock/.venv/bin/python3', 'sources/run_conformance.py', '--select', 'type|utf8|Unicode|unicode|length'], returncode=2, stdout='', stderr='error: JQ is not set; give the command that runs your implementation, e.g.\n    JQ="$PWD/jq" python3 sources/run_conformance.py\n')
    criterion code:
         1 | import subprocess
         2 | import sys
         3 |
         4 | result = subprocess.run(
         5 |     [sys.executable, "sources/run_conformance.py", "--select",
         6 |      "type|utf8|Unicode|unicode|length"],
         7 |     capture_output=True,
         8 |     text=True,
         9 | )
        10 | print(result.stdout)
        11 | print(result.stderr, file=sys.stderr)
      > 12 | assert result.returncode == 0
    check stderr:
      error: JQ is not set; give the command that runs your implementation, e.g.
          JQ="$PWD/jq" python3 sources/run_conformance.py
      Traceback (most recent call last):
        File "values-type-boundaries.py", line 12, in <module>
          assert result.returncode == 0
                 ^^^^^^^^^^^^^^^^^^^^^^
      AssertionError
  arithmetic-operators  values-arithmetic  FEATURE-Values-Arithmetic.md
    assertion: assert result.returncode == 0 → AssertionError
    raised at: arithmetic-operators.py:12
    process exit code: 1
    values at failure:
      result = CompletedProcess(args=['/mnt/c/Users/barlo/projects/drydock/.venv/bin/python3', 'sources/run_conformance.py', '--select', '^[^#].*(\\+|\\-|\\*|/|%|negat|arithmetic|modulo)'], returncode=2, stdout='', stderr='error: JQ is not set; give the command that runs your implementation, e.g.\n    JQ="$PWD/jq" python3 sources/run_conformance.py\n')
    criterion code:
         1 | import subprocess
         2 | import sys
         3 |
         4 | result = subprocess.run(
         5 |     [sys.executable, "sources/run_conformance.py", "--select",
         6 |      r"^[^#].*(\+|\-|\*|/|%|negat|arithmetic|modulo)"],
         7 |     capture_output=True,
         8 |     text=True,
         9 | )
        10 | print(result.stdout)
        11 | print(result.stderr, file=sys.stderr)
      > 12 | assert result.returncode == 0
    check stderr:
      error: JQ is not set; give the command that runs your implementation, e.g.
          JQ="$PWD/jq" python3 sources/run_conformance.py
      Traceback (most recent call last):
        File "arithmetic-operators.py", line 12, in <module>
          assert result.returncode == 0
                 ^^^^^^^^^^^^^^^^^^^^^^
      AssertionError
  arithmetic-types  values-arithmetic  FEATURE-Values-Arithmetic.md
    assertion: assert result.returncode == 0 → AssertionError
    raised at: arithmetic-types.py:12
    process exit code: 1
    values at failure:
      result = CompletedProcess(args=['/mnt/c/Users/barlo/projects/drydock/.venv/bin/python3', 'sources/run_conformance.py', '--select', 'recursive object merge|string repetition|string splitting|array subtraction|type-dependent'], returncode=2, stdout='', stderr='error: JQ is not set; give the command that runs your implementation, e.g.\n    JQ="$PWD/jq" python3 sources/run_conformance.py\n')
    criterion code:
         1 | import subprocess
         2 | import sys
         3 |
         4 | result = subprocess.run(
         5 |     [sys.executable, "sources/run_conformance.py", "--select",
         6 |      "recursive object merge|string repetition|string splitting|array subtraction|type-dependent"],
         7 |     capture_output=True,
         8 |     text=True,
         9 | )
        10 | print(result.stdout)
        11 | print(result.stderr, file=sys.stderr)
      > 12 | assert result.returncode == 0
    check stderr:
      error: JQ is not set; give the command that runs your implementation, e.g.
          JQ="$PWD/jq" python3 sources/run_conformance.py
      Traceback (most recent call last):
        File "arithmetic-types.py", line 12, in <module>
          assert result.returncode == 0
                 ^^^^^^^^^^^^^^^^^^^^^^
      AssertionError
  arithmetic-errors  values-arithmetic  FEATURE-Values-Arithmetic.md
    assertion: assert result.returncode == 0 → AssertionError
    raised at: arithmetic-errors.py:12
    process exit code: 1
    values at failure:
      result = CompletedProcess(args=['/mnt/c/Users/barlo/projects/drydock/.venv/bin/python3', 'sources/run_conformance.py', '--select', 'divided because|cannot be added|cannot be subtracted|Repeat string result too long'], returncode=2, stdout='', stderr='error: JQ is not set; give the command that runs your implementation, e.g.\n    JQ="$PWD/jq" python3 sources/run_conformance.py\n')
    criterion code:
         1 | import subprocess
         2 | import sys
         3 |
         4 | result = subprocess.run(
         5 |     [sys.executable, "sources/run_conformance.py", "--select",
         6 |      "divided because|cannot be added|cannot be subtracted|Repeat string result too long"],
         7 |     capture_output=True,
         8 |     text=True,
         9 | )
        10 | print(result.stdout)
        11 | print(result.stderr, file=sys.stderr)
      > 12 | assert result.returncode == 0
    check stderr:
      error: JQ is not set; give the command that runs your implementation, e.g.
          JQ="$PWD/jq" python3 sources/run_conformance.py
      Traceback (most recent call last):
        File "arithmetic-errors.py", line 12, in <module>
          assert result.returncode == 0
                 ^^^^^^^^^^^^^^^^^^^^^^
      AssertionError
  comparison-equality  values-comparison  FEATURE-Values-Comparison.md
    assertion: assert result.returncode == 0 → AssertionError
    raised at: comparison-equality.py:12
    process exit code: 1
    values at failure:
      result = CompletedProcess(args=['/mnt/c/Users/barlo/projects/drydock/.venv/bin/python3', 'sources/run_conformance.py', '--select', '==|!=|equality|structural equality'], returncode=2, stdout='', stderr='error: JQ is not set; give the command that runs your implementation, e.g.\n    JQ="$PWD/jq" python3 sources/run_conformance.py\n')
    criterion code:
         1 | import subprocess
         2 | import sys
         3 |
         4 | result = subprocess.run(
         5 |     [sys.executable, "sources/run_conformance.py", "--select",
         6 |      "==|!=|equality|structural equality"],
         7 |     capture_output=True,
         8 |     text=True,
         9 | )
        10 | print(result.stdout)
        11 | print(result.stderr, file=sys.stderr)
      > 12 | assert result.returncode == 0
    check stderr:
      error: JQ is not set; give the command that runs your implementation, e.g.
          JQ="$PWD/jq" python3 sources/run_conformance.py
      Traceback (most recent call last):
        File "comparison-equality.py", line 12, in <module>
          assert result.returncode == 0
                 ^^^^^^^^^^^^^^^^^^^^^^
      AssertionError
  comparison-ordering  values-comparison  FEATURE-Values-Comparison.md
    assertion: assert result.returncode == 0 → AssertionError
    raised at: comparison-ordering.py:12
    process exit code: 1
    values at failure:
      result = CompletedProcess(args=['/mnt/c/Users/barlo/projects/drydock/.venv/bin/python3', 'sources/run_conformance.py', '--select', 'comparison|ordering| > | < | >= | <= |sort'], returncode=2, stdout='', stderr='error: JQ is not set; give the command that runs your implementation, e.g.\n    JQ="$PWD/jq" python3 sources/run_conformance.py\n')
    criterion code:
         1 | import subprocess
         2 | import sys
         3 |
         4 | result = subprocess.run(
         5 |     [sys.executable, "sources/run_conformance.py", "--select",
         6 |      "comparison|ordering| > | < | >= | <= |sort"],
         7 |     capture_output=True,
         8 |     text=True,
         9 | )
        10 | print(result.stdout)
        11 | print(result.stderr, file=sys.stderr)
      > 12 | assert result.returncode == 0
    check stderr:
      error: JQ is not set; give the command that runs your implementation, e.g.
          JQ="$PWD/jq" python3 sources/run_conformance.py
      Traceback (most recent call last):
        File "comparison-ordering.py", line 12, in <module>
          assert result.returncode == 0
                 ^^^^^^^^^^^^^^^^^^^^^^
      AssertionError
  comparison-boolean  values-comparison  FEATURE-Values-Comparison.md
    assertion: assert result.returncode == 0 → AssertionError
    raised at: comparison-boolean.py:12
    process exit code: 1
    values at failure:
      result = CompletedProcess(args=['/mnt/c/Users/barlo/projects/drydock/.venv/bin/python3', 'sources/run_conformance.py', '--select', ' and | or |not|truth|false/null'], returncode=2, stdout='', stderr='error: JQ is not set; give the command that runs your implementation, e.g.\n    JQ="$PWD/jq" python3 sources/run_conformance.py\n')
    criterion code:
         1 | import subprocess
         2 | import sys
         3 |
         4 | result = subprocess.run(
         5 |     [sys.executable, "sources/run_conformance.py", "--select",
         6 |      " and | or |not|truth|false/null"],
         7 |     capture_output=True,
         8 |     text=True,
         9 | )
        10 | print(result.stdout)
        11 | print(result.stderr, file=sys.stderr)
      > 12 | assert result.returncode == 0
    check stderr:
      error: JQ is not set; give the command that runs your implementation, e.g.
          JQ="$PWD/jq" python3 sources/run_conformance.py
      Traceback (most recent call last):
        File "comparison-boolean.py", line 12, in <module>
          assert result.returncode == 0
                 ^^^^^^^^^^^^^^^^^^^^^^
      AssertionError
  conditionals-branches  control-conditionals  FEATURE-Control-Conditionals.md
    assertion: assert result.returncode == 0 → AssertionError
    raised at: conditionals-branches.py:12
    process exit code: 1
    values at failure:
      result = CompletedProcess(args=['/mnt/c/Users/barlo/projects/drydock/.venv/bin/python3', 'sources/run_conformance.py', '--select', "if .* then|elif|else .* end|Possibly unterminated 'if'"], returncode=2, stdout='', stderr='error: JQ is not set; give the command that runs your implementation, e.g.\n    JQ="$PWD/jq" python3 sources/run_conformance.py\n')
    criterion code:
         1 | import subprocess
         2 | import sys
         3 |
         4 | result = subprocess.run(
         5 |     [sys.executable, "sources/run_conformance.py", "--select",
         6 |      "if .* then|elif|else .* end|Possibly unterminated 'if'"],
         7 |     capture_output=True,
         8 |     text=True,
         9 | )
        10 | print(result.stdout)
        11 | print(result.stderr, file=sys.stderr)
      > 12 | assert result.returncode == 0
    check stderr:
      error: JQ is not set; give the command that runs your implementation, e.g.
          JQ="$PWD/jq" python3 sources/run_conformance.py
      Traceback (most recent call last):
        File "conditionals-branches.py", line 12, in <module>
          assert result.returncode == 0
                 ^^^^^^^^^^^^^^^^^^^^^^
      AssertionError
  conditionals-defined-or  control-conditionals  FEATURE-Control-Conditionals.md
    assertion: assert result.returncode == 0 → AssertionError
    raised at: conditionals-defined-or.py:12
    process exit code: 1
    values at failure:
      result = CompletedProcess(args=['/mnt/c/Users/barlo/projects/drydock/.venv/bin/python3', 'sources/run_conformance.py', '--select', '//|defined.or|default|//='], returncode=2, stdout='', stderr='error: JQ is not set; give the command that runs your implementation, e.g.\n    JQ="$PWD/jq" python3 sources/run_conformance.py\n')
    criterion code:
         1 | import subprocess
         2 | import sys
         3 |
         4 | result = subprocess.run(
         5 |     [sys.executable, "sources/run_conformance.py", "--select",
         6 |      "//|defined.or|default|//="],
         7 |     capture_output=True,
         8 |     text=True,
         9 | )
        10 | print(result.stdout)
        11 | print(result.stderr, file=sys.stderr)
      > 12 | assert result.returncode == 0
    check stderr:
      error: JQ is not set; give the command that runs your implementation, e.g.
          JQ="$PWD/jq" python3 sources/run_conformance.py
      Traceback (most recent call last):
        File "conditionals-defined-or.py", line 12, in <module>
          assert result.returncode == 0
                 ^^^^^^^^^^^^^^^^^^^^^^
      AssertionError
  conditionals-optional  control-conditionals  FEATURE-Control-Conditionals.md
    assertion: assert result.returncode == 0 → AssertionError
    raised at: conditionals-optional.py:12
    process exit code: 1
    values at failure:
      result = CompletedProcess(args=['/mnt/c/Users/barlo/projects/drydock/.venv/bin/python3', 'sources/run_conformance.py', '--select', '\\?|optional|empty stream|try \\.a'], returncode=2, stdout='', stderr='error: JQ is not set; give the command that runs your implementation, e.g.\n    JQ="$PWD/jq" python3 sources/run_conformance.py\n')
    criterion code:
         1 | import subprocess
         2 | import sys
         3 |
         4 | result = subprocess.run(
         5 |     [sys.executable, "sources/run_conformance.py", "--select",
         6 |      r"\?|optional|empty stream|try \.a"],
         7 |     capture_output=True,
         8 |     text=True,
         9 | )
        10 | print(result.stdout)
        11 | print(result.stderr, file=sys.stderr)
      > 12 | assert result.returncode == 0
    check stderr:
      error: JQ is not set; give the command that runs your implementation, e.g.
          JQ="$PWD/jq" python3 sources/run_conformance.py
      Traceback (most recent call last):
        File "conditionals-optional.py", line 12, in <module>
          assert result.returncode == 0
                 ^^^^^^^^^^^^^^^^^^^^^^
      AssertionError
  errors-try-catch  control-errors  FEATURE-Control-Errors.md
    assertion: assert result.returncode == 0 → AssertionError
    raised at: errors-try-catch.py:12
    process exit code: 1
    values at failure:
      result = CompletedProcess(args=['/mnt/c/Users/barlo/projects/drydock/.venv/bin/python3', 'sources/run_conformance.py', '--select', 'try|catch|error\\(|try error|caught'], returncode=2, stdout='', stderr='error: JQ is not set; give the command that runs your implementation, e.g.\n    JQ="$PWD/jq" python3 sources/run_conformance.py\n')
    criterion code:
         1 | import subprocess
         2 | import sys
         3 |
         4 | result = subprocess.run(
         5 |     [sys.executable, "sources/run_conformance.py", "--select",
         6 |      "try|catch|error\\(|try error|caught"],
         7 |     capture_output=True,
         8 |     text=True,
         9 | )
        10 | print(result.stdout)
        11 | print(result.stderr, file=sys.stderr)
      > 12 | assert result.returncode == 0
    check stderr:
      error: JQ is not set; give the command that runs your implementation, e.g.
          JQ="$PWD/jq" python3 sources/run_conformance.py
      Traceback (most recent call last):
        File "errors-try-catch.py", line 12, in <module>
          assert result.returncode == 0
                 ^^^^^^^^^^^^^^^^^^^^^^
      AssertionError
  errors-halting  control-errors  FEATURE-Control-Errors.md
    assertion: assert result.returncode == 0 → AssertionError
    raised at: errors-halting.py:12
    process exit code: 1
    values at failure:
      result = CompletedProcess(args=['/mnt/c/Users/barlo/projects/drydock/.venv/bin/python3', 'sources/run_conformance.py', '--select', 'halt(_error)?|halt_error'], returncode=2, stdout='', stderr='error: JQ is not set; give the command that runs your implementation, e.g.\n    JQ="$PWD/jq" python3 sources/run_conformance.py\n')
    criterion code:
         1 | import subprocess
         2 | import sys
         3 |
         4 | result = subprocess.run(
         5 |     [sys.executable, "sources/run_conformance.py", "--select",
         6 |      "halt(_error)?|halt_error"],
         7 |     capture_output=True,
         8 |     text=True,
         9 | )
        10 | print(result.stdout)
        11 | print(result.stderr, file=sys.stderr)
      > 12 | assert result.returncode == 0
    check stderr:
      error: JQ is not set; give the command that runs your implementation, e.g.
          JQ="$PWD/jq" python3 sources/run_conformance.py
      Traceback (most recent call last):
        File "errors-halting.py", line 12, in <module>
          assert result.returncode == 0
                 ^^^^^^^^^^^^^^^^^^^^^^
      AssertionError
  errors-output-preservation  control-errors  FEATURE-Control-Errors.md
    assertion: assert result.returncode == 0 → AssertionError
    raised at: errors-output-preservation.py:12
    process exit code: 1
    values at failure:
      result = CompletedProcess(args=['/mnt/c/Users/barlo/projects/drydock/.venv/bin/python3', 'sources/run_conformance.py', '--select', 'outputs before|prior outputs|first\\(1,error|OK.*error|error.*catch'], returncode=2, stdout='', stderr='error: JQ is not set; give the command that runs your implementation, e.g.\n    JQ="$PWD/jq" python3 sources/run_conformance.py\n')
    criterion code:
         1 | import subprocess
         2 | import sys
         3 |
         4 | result = subprocess.run(
         5 |     [sys.executable, "sources/run_conformance.py", "--select",
         6 |      "outputs before|prior outputs|first\\(1,error|OK.*error|error.*catch"],
         7 |     capture_output=True,
         8 |     text=True,
         9 | )
        10 | print(result.stdout)
        11 | print(result.stderr, file=sys.stderr)
      > 12 | assert result.returncode == 0
    check stderr:
      error: JQ is not set; give the command that runs your implementation, e.g.
          JQ="$PWD/jq" python3 sources/run_conformance.py
      Traceback (most recent call last):
        File "errors-output-preservation.py", line 12, in <module>
          assert result.returncode == 0
                 ^^^^^^^^^^^^^^^^^^^^^^
      AssertionError
  reductions-basic  control-reductions  FEATURE-Control-Reductions.md
    assertion: assert result.returncode == 0 → AssertionError
    raised at: reductions-basic.py:12
    process exit code: 1
    values at failure:
      result = CompletedProcess(args=['./jq', '-c', '[foreach .[] as $x (0; . + $x)]'], returncode=3, stdout='', stderr='unexpected token foreach\n')
    criterion code:
         1 | import json
         2 | import subprocess
         3 |
         4 | source = [1, 2, 3]
         5 | payload = json.dumps(source) + "\n"
         6 | programs = [
         7 |     ("reduce .[] as $x (0; . + $x)", [sum(source)]),
         8 |     ("[foreach .[] as $x (0; . + $x)]", [1, 3, 6]),
         9 | ]
        10 | for program, expected in programs:
        11 |     result = subprocess.run(["./jq", "-c", program], input=payload, capture_output=True, text=True)
      > 12 |     assert result.returncode == 0
        13 |     actual = [json.loads(line) for line in result.stdout.splitlines()]
        14 |     assert actual == expected
    check stderr:
      Traceback (most recent call last):
        File "reductions-basic.py", line 12, in <module>
          assert result.returncode == 0
                 ^^^^^^^^^^^^^^^^^^^^^^
      AssertionError
  reductions-bounds  control-reductions  FEATURE-Control-Reductions.md
    assertion: assert result.returncode == 0 → AssertionError
    raised at: reductions-bounds.py:13
    process exit code: 1
    values at failure:
      result = CompletedProcess(args=['./jq', '-c', '[limit(3; .[])]'], returncode=5, stdout='', stderr='unknown function limit\n')
    criterion code:
         1 | import json
         2 | import subprocess
         3 |
         4 | source = list(range(10))
         5 | payload = json.dumps(source) + "\n"
         6 | cases = [
         7 |     ("[limit(3; .[])]", source[:3]),
         8 |     ("[skip(3; .[])]", source[3:]),
         9 |     ("[first(.[]), last(.[]), nth(5; .[])]", [source[0], source[-1], source[5]]),
        10 | ]
        11 | for program, expected in cases:
        12 |     result = subprocess.run(["./jq", "-c", program], input=payload, capture_output=True, text=True)
      > 13 |     assert result.returncode == 0
        14 |     assert [json.loads(line) for line in result.stdout.splitlines()] == [expected]
    check stderr:
      Traceback (most recent call last):
        File "reductions-bounds.py", line 13, in <module>
          assert result.returncode == 0
                 ^^^^^^^^^^^^^^^^^^^^^^
      AssertionError
  recursion-generators  control-recursion  FEATURE-Control-Recursion.md
    assertion: assert result.returncode == 0 → AssertionError
    raised at: recursion-generators.py:11
    process exit code: 1
    values at failure:
      result = CompletedProcess(args=['./jq', '-c', '[while(. < 100; . * 2)]'], returncode=5, stdout='', stderr='unknown function while\n')
    criterion code:
         1 | import json
         2 | import subprocess
         3 |
         4 | cases = [
         5 |     ("[while(. < 100; . * 2)]", "1\n", [1, 2, 4, 8, 16, 32, 64]),
         6 |     ("[recurse(.[]?)]", json.dumps([1, [2]]) + "\n", [[1, [2]], 1, [2], 2]),
         7 |     ("[.,1] | until(.[0] < 1; [.[0] - 1, .[1] * .[0]]) | .[1]", "4\n", [24]),
         8 | ]
         9 | for program, payload, expected in cases:
        10 |     result = subprocess.run(["./jq", "-c", program], input=payload, capture_output=True, text=True)
      > 11 |     assert result.returncode == 0
        12 |     assert [json.loads(line) for line in result.stdout.splitlines()] == expected
    check stderr:
      Traceback (most recent call last):
        File "recursion-generators.py", line 11, in <module>
          assert result.returncode == 0
                 ^^^^^^^^^^^^^^^^^^^^^^
      AssertionError
  functions-closures  language-functions  FEATURE-Language-Functions.md
    assertion: assert result.returncode == 0 → AssertionError
    raised at: functions-closures.py:6
    process exit code: 1
    values at failure:
      result = CompletedProcess(args=['./jq', '-c', '2000 as $x | def f(x): 1 as $x | [$x, x]; f($x)'], returncode=3, stdout='', stderr='unexpected token def\n')
    criterion code:
        1 | import json
        2 | import subprocess
        3 |
        4 | program = "2000 as $x | def f(x): 1 as $x | [$x, x]; f($x)"
        5 | result = subprocess.run(["./jq", "-c", program], input='"input"\n', capture_output=True, text=True)
      > 6 | assert result.returncode == 0
        7 | assert [json.loads(line) for line in result.stdout.splitlines()] == [[1, 2000]]
    check stderr:
      Traceback (most recent call last):
        File "functions-closures.py", line 6, in <module>
          assert result.returncode == 0
                 ^^^^^^^^^^^^^^^^^^^^^^
      AssertionError
  bindings-nested  language-bindings  FEATURE-Language-Bindings.md
    assertion: assert result.returncode == 0 → AssertionError
    raised at: bindings-nested.py:7
    process exit code: 1
    values at failure:
      result = CompletedProcess(args=['./jq', '-c', '. as {$a, b: [$c, {$d}]} | [$a, $c, $d]'], returncode=3, stdout='', stderr='expected BINDING, got {\n')
    criterion code:
        1 | import json
        2 | import subprocess
        3 |
        4 | source = {"a": 1, "b": [2, {"d": 3}]}
        5 | program = ". as {$a, b: [$c, {$d}]} | [$a, $c, $d]"
        6 | result = subprocess.run(["./jq", "-c", program], input=json.dumps(source) + "\n", capture_output=True, text=True)
      > 7 | assert result.returncode == 0
        8 | assert [json.loads(line) for line in result.stdout.splitlines()] == [[1, 2, 3]]
    check stderr:
      Traceback (most recent call last):
        File "bindings-nested.py", line 7, in <module>
          assert result.returncode == 0
                 ^^^^^^^^^^^^^^^^^^^^^^
      AssertionError
  alternation-shapes  language-alternation  FEATURE-Language-Alternation.md
    assertion: assert result.returncode == 0 → AssertionError
    raised at: alternation-shapes.py:7
    process exit code: 1
    values at failure:
      result = CompletedProcess(args=['./jq', '-c', '.[] as {$a, b: [$c, {$d}]} ?// [$a, {$b}, $e] | [$a, $b, $c, $d, $e]'], returncode=3, stdout='', stderr='expected BINDING, got {\n')
    criterion code:
        1 | import json
        2 | import subprocess
        3 |
        4 | source = [{"a": 1, "b": 2, "c": {"d": 3}}, [4, {"b": 5, "c": 6}, 7]]
        5 | program = ".[] as {$a, b: [$c, {$d}]} ?// [$a, {$b}, $e] | [$a, $b, $c, $d, $e]"
        6 | result = subprocess.run(["./jq", "-c", program], input=json.dumps(source) + "\n", capture_output=True, text=True)
      > 7 | assert result.returncode == 0
        8 | actual = [json.loads(line) for line in result.stdout.splitlines()]
        9 | assert actual == [[1, None, 2, 3, None], [4, 5, None, None, 7]]
    check stderr:
      Traceback (most recent call last):
        File "alternation-shapes.py", line 7, in <module>
          assert result.returncode == 0
                 ^^^^^^^^^^^^^^^^^^^^^^
      AssertionError
  alternation-null-bindings  language-alternation  FEATURE-Language-Alternation.md
    assertion: assert result.returncode == 0 → AssertionError
    raised at: alternation-null-bindings.py:7
    process exit code: 1
    values at failure:
      result = CompletedProcess(args=['./jq', '-c', '.[] as [$a] ?// [$b] | {$a, $b}'], returncode=3, stdout='', stderr='expected BINDING, got [\n')
    criterion code:
        1 | import json
        2 | import subprocess
        3 |
        4 | source = [[3]]
        5 | program = ".[] as [$a] ?// [$b] | {$a, $b}"
        6 | result = subprocess.run(["./jq", "-c", program], input=json.dumps(source) + "\n", capture_output=True, text=True)
      > 7 | assert result.returncode == 0
        8 | assert [json.loads(line) for line in result.stdout.splitlines()] == [{"a": None, "b": 3}]
    check stderr:
      Traceback (most recent call last):
        File "alternation-null-bindings.py", line 7, in <module>
          assert result.returncode == 0
                 ^^^^^^^^^^^^^^^^^^^^^^
      AssertionError
  alternation-runtime-fallback  language-alternation  FEATURE-Language-Alternation.md
    assertion: assert result.returncode == 0 → AssertionError
    raised at: alternation-runtime-fallback.py:7
    process exit code: 1
    values at failure:
      result = CompletedProcess(args=['./jq', '-c', '.[] as [$a] ?// [$b] | if $a != null then error("err") else {$a, $b} end'], returncode=3, stdout='', stderr='expected BINDING, got [\n')
    criterion code:
        1 | import json
        2 | import subprocess
        3 |
        4 | source = [[3]]
        5 | program = ".[] as [$a] ?// [$b] | if $a != null then error(\"err\") else {$a, $b} end"
        6 | result = subprocess.run(["./jq", "-c", program], input=json.dumps(source) + "\n", capture_output=True, text=True)
      > 7 | assert result.returncode == 0
        8 | assert [json.loads(line) for line in result.stdout.splitlines()] == [{"a": None, "b": 3}]
    check stderr:
      Traceback (most recent call last):
        File "alternation-runtime-fallback.py", line 7, in <module>
          assert result.returncode == 0
                 ^^^^^^^^^^^^^^^^^^^^^^
      AssertionError
  paths-discovery-suite  paths-discovery  FEATURE-Paths-Discovery.md
    assertion: assert result.returncode == 0 → AssertionError
    raised at: paths-discovery-suite.py:12
    process exit code: 1
    values at failure:
      result = CompletedProcess(args=['python3', 'sources/run_conformance.py', '--select', 'path('], returncode=1, stdout='', stderr='Traceback (most recent call last):\n  File "/mnt/c/Users/barlo/projects/drydock/uat/jq/runs/20260816.160223/build/jq/sources/run_conformance.py", line 455, in <module>\n    raise SystemExit(main())\n                     ^^^^^^\n  File "/mnt/c/Users/barlo/projects/drydock/uat/jq/ru… (+1733 chars)
    criterion code:
         1 | import subprocess
         2 |
         3 | selectors = ["path(", "[paths", "getpath("]
         4 | for selector in selectors:
         5 |     result = subprocess.run(
         6 |         ["python3", "sources/run_conformance.py", "--select", selector],
         7 |         capture_output=True,
         8 |         text=True,
         9 |     )
        10 |     print(result.stdout)
        11 |     print(result.stderr)
      > 12 |     assert result.returncode == 0
    observed output:
        File "/home/barlo/.local/share/uv/python/cpython-3.12.13-linux-x86_64-gnu/lib/python3.12/re/_compiler.py", line 750, in compile
          p = _parser.parse(p, flags)
              ^^^^^^^^^^^^^^^^^^^^^^^
        File "/home/barlo/.local/share/uv/python/cpython-3.12.13-linux-x86_64-gnu/lib/python3.12/re/_parser.py", line 979, in parse
          p = _parse_sub(source, state, flags & SRE_FLAG_VERBOSE, 0)
              ^^^^^^^^^^^^^^^^^^^^^^^^^^^^^^^^^^^^^^^^^^^^^^^^^^^^^^
        File "/home/barlo/.local/share/uv/python/cpython-3.12.13-linux-x86_64-gnu/lib/python3.12/re/_parser.py", line 460, in _parse_sub
          itemsappend(_parse(source, state, verbose, nested + 1,
                      ^^^^^^^^^^^^^^^^^^^^^^^^^^^^^^^^^^^^^^^^^^
        File "/home/barlo/.local/share/uv/python/cpython-3.12.13-linux-x86_64-gnu/lib/python3.12/re/_parser.py", line 864, in _parse
          raise source.error("missing ), unterminated subpattern",
      re.error: missing ), unterminated subpattern at position 4
    check stderr:
      Traceback (most recent call last):
        File "paths-discovery-suite.py", line 12, in <module>
          assert result.returncode == 0
                 ^^^^^^^^^^^^^^^^^^^^^^
      AssertionError
  paths-discovery-roundtrip  paths-discovery  FEATURE-Paths-Discovery.md
    assertion: assert result.returncode == 0 → AssertionError
    raised at: paths-discovery-roundtrip.py:12
    process exit code: 1
    values at failure:
      result = CompletedProcess(args=['./jq', '-c', '[paths] as $paths | [$paths[] as $p | getpath($p)]'], returncode=5, stdout='', stderr='unknown function paths\n')
    criterion code:
         1 | import json
         2 | import subprocess
         3 |
         4 | source = {"a": [{"b": 7}]}
         5 | program = "[paths] as $paths | [$paths[] as $p | getpath($p)]"
         6 | result = subprocess.run(
         7 |     ["./jq", "-c", program],
         8 |     input=json.dumps(source) + "\n",
         9 |     capture_output=True,
        10 |     text=True,
        11 | )
      > 12 | assert result.returncode == 0
        13 | actual = json.loads(result.stdout)
        14 | expected = [source["a"], source["a"][0], source["a"][0]["b"]]
        15 | assert actual == [expected]
    check stderr:
      Traceback (most recent call last):
        File "paths-discovery-roundtrip.py", line 12, in <module>
          assert result.returncode == 0
                 ^^^^^^^^^^^^^^^^^^^^^^
      AssertionError
  paths-helpers-suite  paths-helpers  FEATURE-Paths-Helpers.md
    assertion: assert result.returncode == 0 → AssertionError
    raised at: paths-helpers-suite.py:12
    process exit code: 1
    values at failure:
      result = CompletedProcess(args=['python3', 'sources/run_conformance.py', '--select', 'setpath('], returncode=1, stdout='', stderr='Traceback (most recent call last):\n  File "/mnt/c/Users/barlo/projects/drydock/uat/jq/runs/20260816.160223/build/jq/sources/run_conformance.py", line 455, in <module>\n    raise SystemExit(main())\n                     ^^^^^^\n  File "/mnt/c/Users/barlo/projects/drydock/uat/jq… (+1736 chars)
    criterion code:
         1 | import subprocess
         2 |
         3 | selectors = ["setpath(", "delpaths(", "del(", "pick("]
         4 | for selector in selectors:
         5 |     result = subprocess.run(
         6 |         ["python3", "sources/run_conformance.py", "--select", selector],
         7 |         capture_output=True,
         8 |         text=True,
         9 |     )
        10 |     print(result.stdout)
        11 |     print(result.stderr)
      > 12 |     assert result.returncode == 0
    observed output:
        File "/home/barlo/.local/share/uv/python/cpython-3.12.13-linux-x86_64-gnu/lib/python3.12/re/_compiler.py", line 750, in compile
          p = _parser.parse(p, flags)
              ^^^^^^^^^^^^^^^^^^^^^^^
        File "/home/barlo/.local/share/uv/python/cpython-3.12.13-linux-x86_64-gnu/lib/python3.12/re/_parser.py", line 979, in parse
          p = _parse_sub(source, state, flags & SRE_FLAG_VERBOSE, 0)
              ^^^^^^^^^^^^^^^^^^^^^^^^^^^^^^^^^^^^^^^^^^^^^^^^^^^^^^
        File "/home/barlo/.local/share/uv/python/cpython-3.12.13-linux-x86_64-gnu/lib/python3.12/re/_parser.py", line 460, in _parse_sub
          itemsappend(_parse(source, state, verbose, nested + 1,
                      ^^^^^^^^^^^^^^^^^^^^^^^^^^^^^^^^^^^^^^^^^^
        File "/home/barlo/.local/share/uv/python/cpython-3.12.13-linux-x86_64-gnu/lib/python3.12/re/_parser.py", line 864, in _parse
          raise source.error("missing ), unterminated subpattern",
      re.error: missing ), unterminated subpattern at position 7
    check stderr:
      Traceback (most recent call last):
        File "paths-helpers-suite.py", line 12, in <module>
          assert result.returncode == 0
                 ^^^^^^^^^^^^^^^^^^^^^^
      AssertionError
  paths-helpers-roundtrip  paths-helpers  FEATURE-Paths-Helpers.md
    assertion: assert result.returncode == 0 → AssertionError
    raised at: paths-helpers-roundtrip.py:12
    process exit code: 1
    values at failure:
      result = CompletedProcess(args=['./jq', '-c', 'setpath(["a","d"]; 3), delpaths([["a","b"]])'], returncode=5, stdout='', stderr='unknown function setpath\n')
    criterion code:
         1 | import json
         2 | import subprocess
         3 |
         4 | source = {"a": {"b": 1, "c": 2}}
         5 | program = 'setpath(["a","d"]; 3), delpaths([["a","b"]])'
         6 | result = subprocess.run(
         7 |     ["./jq", "-c", program],
         8 |     input=json.dumps(source) + "\n",
         9 |     capture_output=True,
        10 |     text=True,
        11 | )
      > 12 | assert result.returncode == 0
        13 | actual = [json.loads(line) for line in result.stdout.splitlines()]
        14 | expected = [
        15 |     {"a": {"b": 1, "c": 2, "d": 3}},
        16 |     {"a": {"c": 2}},
        17 | ]
        18 | assert actual == expected
        19 | assert source == {"a": {"b": 1, "c": 2}}
    check stderr:
      Traceback (most recent call last):
        File "paths-helpers-roundtrip.py", line 12, in <module>
          assert result.returncode == 0
                 ^^^^^^^^^^^^^^^^^^^^^^
      AssertionError
  paths-assignment-suite  paths-assignment  FEATURE-Paths-Assignment.md
    assertion: assert result.returncode == 0 → AssertionError
    raised at: paths-assignment-suite.py:12
    process exit code: 1
    values at failure:
      result = CompletedProcess(args=['python3', 'sources/run_conformance.py', '--select', ' = '], returncode=2, stdout='', stderr='error: JQ is not set; give the command that runs your implementation, e.g.\n    JQ="$PWD/jq" python3 sources/run_conformance.py\n')
    criterion code:
         1 | import subprocess
         2 |
         3 | selectors = [" = ", "|=", "+=", "-=", "*=", "/=", "%=", "//="]
         4 | for selector in selectors:
         5 |     result = subprocess.run(
         6 |         ["python3", "sources/run_conformance.py", "--select", selector],
         7 |         capture_output=True,
         8 |         text=True,
         9 |     )
        10 |     print(result.stdout)
        11 |     print(result.stderr)
      > 12 |     assert result.returncode == 0
    observed output:
      error: JQ is not set; give the command that runs your implementation, e.g.
          JQ="$PWD/jq" python3 sources/run_conformance.py
    check stderr:
      Traceback (most recent call last):
        File "paths-assignment-suite.py", line 12, in <module>
          assert result.returncode == 0
                 ^^^^^^^^^^^^^^^^^^^^^^
      AssertionError
  paths-assignment-roundtrip  paths-assignment  FEATURE-Paths-Assignment.md
    assertion: assert result.returncode == 0 → AssertionError
    raised at: paths-assignment-roundtrip.py:12
    process exit code: 1
    values at failure:
      result = CompletedProcess(args=['./jq', '-c', '(.a,.b)=range(2), .a |= .+10, .b |= empty'], returncode=5, stdout='', stderr='unsupported operator =\n')
    criterion code:
         1 | import json
         2 | import subprocess
         3 |
         4 | source = {"a": 1, "b": 2}
         5 | program = '(.a,.b)=range(2), .a |= .+10, .b |= empty'
         6 | result = subprocess.run(
         7 |     ["./jq", "-c", program],
         8 |     input=json.dumps(source) + "\n",
         9 |     capture_output=True,
        10 |     text=True,
        11 | )
      > 12 | assert result.returncode == 0
        13 | actual = [json.loads(line) for line in result.stdout.splitlines()]
        14 | expected = [
        15 |     {"a": 0, "b": 0},
        16 |     {"a": 1, "b": 1},
        17 |     {"a": 11, "b": 2},
        18 |     {"a": 1},
        19 | ]
        20 | assert actual == expected
        21 | assert source == {"a": 1, "b": 2}
    check stderr:
      Traceback (most recent call last):
        File "paths-assignment-roundtrip.py", line 12, in <module>
          assert result.returncode == 0
                 ^^^^^^^^^^^^^^^^^^^^^^
      AssertionError
  builtins-collections-suite  builtins-collections  FEATURE-Builtins-Collections.md
    assertion: assert result.returncode == 0 → AssertionError
    raised at: builtins-collections-suite.py:12
    process exit code: 1
    values at failure:
      result = CompletedProcess(args=['python3', 'sources/run_conformance.py', '--select', 'map('], returncode=1, stdout='', stderr='Traceback (most recent call last):\n  File "/mnt/c/Users/barlo/projects/drydock/uat/jq/runs/20260816.160223/build/jq/sources/run_conformance.py", line 455, in <module>\n    raise SystemExit(main())\n                     ^^^^^^\n  File "/mnt/c/Users/barlo/projects/drydock/uat/jq/run… (+1732 chars)
    criterion code:
         1 | import subprocess
         2 |
         3 | selectors = ["map(", "map_values(", "add", "sort", "group_by", "unique", "min", "max", "to_entries", "from_entries", "with_entries", "contains(", "inside("]
         4 | for selector in selectors:
         5 |     result = subprocess.run(
         6 |         ["python3", "sources/run_conformance.py", "--select", selector],
         7 |         capture_output=True,
         8 |         text=True,
         9 |     )
        10 |     print(result.stdout)
        11 |     print(result.stderr)
      > 12 |     assert result.returncode == 0
    observed output:
        File "/home/barlo/.local/share/uv/python/cpython-3.12.13-linux-x86_64-gnu/lib/python3.12/re/_compiler.py", line 750, in compile
          p = _parser.parse(p, flags)
              ^^^^^^^^^^^^^^^^^^^^^^^
        File "/home/barlo/.local/share/uv/python/cpython-3.12.13-linux-x86_64-gnu/lib/python3.12/re/_parser.py", line 979, in parse
          p = _parse_sub(source, state, flags & SRE_FLAG_VERBOSE, 0)
              ^^^^^^^^^^^^^^^^^^^^^^^^^^^^^^^^^^^^^^^^^^^^^^^^^^^^^^
        File "/home/barlo/.local/share/uv/python/cpython-3.12.13-linux-x86_64-gnu/lib/python3.12/re/_parser.py", line 460, in _parse_sub
          itemsappend(_parse(source, state, verbose, nested + 1,
                      ^^^^^^^^^^^^^^^^^^^^^^^^^^^^^^^^^^^^^^^^^^
        File "/home/barlo/.local/share/uv/python/cpython-3.12.13-linux-x86_64-gnu/lib/python3.12/re/_parser.py", line 864, in _parse
          raise source.error("missing ), unterminated subpattern",
      re.error: missing ), unterminated subpattern at position 3
    check stderr:
      Traceback (most recent call last):
        File "builtins-collections-suite.py", line 12, in <module>
          assert result.returncode == 0
                 ^^^^^^^^^^^^^^^^^^^^^^
      AssertionError
  builtins-collections-roundtrip  builtins-collections  FEATURE-Builtins-Collections.md
    assertion: assert result.returncode == 0 → AssertionError
    raised at: builtins-collections-roundtrip.py:12
    process exit code: 1
    values at failure:
      result = CompletedProcess(args=['./jq', '-c', '{sorted: (sort_by(.k)), unique: (unique_by(.k)), entries: (to_entries)}'], returncode=5, stdout='', stderr='unknown function sort_by\n')
    criterion code:
         1 | import json
         2 | import subprocess
         3 |
         4 | source = [{"k": 2}, {"k": 1}, {"k": 1}]
         5 | program = "{sorted: (sort_by(.k)), unique: (unique_by(.k)), entries: (to_entries)}"
         6 | result = subprocess.run(
         7 |     ["./jq", "-c", program],
         8 |     input=json.dumps(source) + "\n",
         9 |     capture_output=True,
        10 |     text=True,
        11 | )
      > 12 | assert result.returncode == 0
        13 | actual = json.loads(result.stdout)
        14 | expected = {
        15 |     "sorted": [{"k": 1}, {"k": 1}, {"k": 2}],
        16 |     "unique": [{"k": 1}, {"k": 2}],
        17 |     "entries": [{"key": "0", "value": {"k": 2}}, {"key": "1", "value": {"k": 1}}, {"key": "2", "value": {"k": 1}}],
        18 | }
        19 | assert actual == expected
    check stderr:
      Traceback (most recent call last):
        File "builtins-collections-roundtrip.py", line 12, in <module>
          assert result.returncode == 0
                 ^^^^^^^^^^^^^^^^^^^^^^
      AssertionError
  builtins-strings-suite  builtins-strings  FEATURE-Builtins-Strings.md
    assertion: assert result.returncode == 0 → AssertionError
    raised at: builtins-strings-suite.py:12
    process exit code: 1
    values at failure:
      result = CompletedProcess(args=['python3', 'sources/run_conformance.py', '--select', 'startswith'], returncode=2, stdout='', stderr='error: JQ is not set; give the command that runs your implementation, e.g.\n    JQ="$PWD/jq" python3 sources/run_conformance.py\n')
    criterion code:
         1 | import subprocess
         2 |
         3 | selectors = ["startswith", "endswith", "split", "join", "trim", "ltrim", "rtrim", "explode", "implode", "ascii_upcase", "ascii_downcase", "indices", "index(", "rindex("]
         4 | for selector in selectors:
         5 |     result = subprocess.run(
         6 |         ["python3", "sources/run_conformance.py", "--select", selector],
         7 |         capture_output=True,
         8 |         text=True,
         9 |     )
        10 |     print(result.stdout)
        11 |     print(result.stderr)
      > 12 |     assert result.returncode == 0
    observed output:
      error: JQ is not set; give the command that runs your implementation, e.g.
          JQ="$PWD/jq" python3 sources/run_conformance.py
    check stderr:
      Traceback (most recent call last):
        File "builtins-strings-suite.py", line 12, in <module>
          assert result.returncode == 0
                 ^^^^^^^^^^^^^^^^^^^^^^
      AssertionError
  builtins-strings-roundtrip  builtins-strings  FEATURE-Builtins-Strings.md
    assertion: assert result.returncode == 0 → AssertionError
    raised at: builtins-strings-roundtrip.py:12
    process exit code: 1
    values at failure:
      result = CompletedProcess(args=['./jq', '-c', 'split(",") | join(",")'], returncode=5, stdout='', stderr='unknown function split\n')
    criterion code:
         1 | import json
         2 | import subprocess
         3 |
         4 | source = "a,b,c"
         5 | program = 'split(",") | join(",")'
         6 | result = subprocess.run(
         7 |     ["./jq", "-c", program],
         8 |     input=json.dumps(source) + "\n",
         9 |     capture_output=True,
        10 |     text=True,
        11 | )
      > 12 | assert result.returncode == 0
        13 | actual = json.loads(result.stdout)
        14 | assert actual == source
        15 |
        16 | codepoints = [65, 66, 67]
        17 | result = subprocess.run(
        18 |     ["./jq", "-c", "implode | explode"],
        19 |     input=json.dumps(codepoints) + "\n",
        20 |     capture_output=True,
        21 |     text=True,
        22 | )
        23 | assert result.returncode == 0
        24 | assert json.loads(result.stdout) == codepoints
    check stderr:
      Traceback (most recent call last):
        File "builtins-strings-roundtrip.py", line 12, in <module>
          assert result.returncode == 0
                 ^^^^^^^^^^^^^^^^^^^^^^
      AssertionError
  regex-runtime  builtins-regex  FEATURE-Builtins-Regex.md
    assertion: assert result.returncode == 0 → AssertionError
    raised at: regex-runtime.py:9
    process exit code: 1
    values at failure:
      result = CompletedProcess(args=['./jq', '-c', '[test("a+"), match("(?<x>a+)"), capture("(?<x>a+)-(?<y>b+)"), [scan("[ab]+")], split(", "), sub("a"; "X"), gsub("a"; "X")]'], returncode=5, stdout='', stderr='unknown function test\n')
    criterion code:
         1 | import json
         2 | import subprocess
         3 |
         4 | program = '[test("a+"), match("(?<x>a+)"), capture("(?<x>a+)-(?<y>b+)"), [scan("[ab]+")], split(", "), sub("a"; "X"), gsub("a"; "X")]'
         5 | source = '"aa-bb, ab"'
         6 | result = subprocess.run(["./jq", "-c", program], input=source, capture_output=True, text=True)
         7 | print(result.stdout)
         8 | print(result.stderr)
      >  9 | assert result.returncode == 0
        10 | actual = json.loads(result.stdout)
        11 | assert actual[0] is True
        12 | assert actual[1]["string"] == "aa"
        13 | assert actual[2]["x"] == "aa"
        14 | assert actual[2]["y"] == "bb"
        15 | assert actual[3] == ["aa", "bb"]
        16 | assert actual[4] == ["aa-bb", "ab"]
        17 | assert actual[5] == "Xa-bb, ab"
        18 | assert actual[6] == "XX-bb, Xb"
    observed output:
      unknown function test
    check stderr:
      Traceback (most recent call last):
        File "regex-runtime.py", line 9, in <module>
          assert result.returncode == 0
                 ^^^^^^^^^^^^^^^^^^^^^^
      AssertionError
  formats-roundtrip  builtins-formats  FEATURE-Builtins-Formats.md
    assertion: assert result.returncode == 0 → AssertionError
    raised at: formats-roundtrip.py:9
    process exit code: 1
    values at failure:
      result = CompletedProcess(args=['./jq', '-c', '[@text, @json, @html, (@uri | @urid), ([1,.] | @csv), ([1,.] | @tsv), (@base64 | @base64d)]'], returncode=5, stdout='', stderr='unknown function text\n')
    criterion code:
         1 | import json
         2 | import subprocess
         3 |
         4 | source = '"!()<>&\'\\"\\t"'
         5 | program = '[@text, @json, @html, (@uri | @urid), ([1,.] | @csv), ([1,.] | @tsv), (@base64 | @base64d)]'
         6 | result = subprocess.run(["./jq", "-c", program], input=source, capture_output=True, text=True)
         7 | print(result.stdout)
         8 | print(result.stderr)
      >  9 | assert result.returncode == 0
        10 | values = json.loads(result.stdout)
        11 | assert values[0] == json.loads(source)
        12 | assert json.loads(values[1]) == json.loads(source)
        13 | assert values[2] == "!()&lt;&gt;&amp;&apos;&quot;\\t"
        14 | assert values[3] == json.loads(source)
        15 | assert values[4] == "1,\"!()<>&'\"\"\\t\""
        16 | assert values[5] == "1\\t!()<>&'\"\\\\t"
        17 | assert values[6] == json.loads(source)
    observed output:
      unknown function text
    check stderr:
      Traceback (most recent call last):
        File "formats-roundtrip.py", line 9, in <module>
          assert result.returncode == 0
                 ^^^^^^^^^^^^^^^^^^^^^^
      AssertionError
  dates  builtins-formats  FEATURE-Builtins-Formats.md
    assertion: assert result.returncode == 0 → AssertionError
    raised at: dates.py:9
    process exit code: 1
    values at failure:
      result = CompletedProcess(args=['./jq', '-c', 'fromdateiso8601 | todateiso8601'], returncode=5, stdout='', stderr='unknown function fromdateiso8601\n')
    criterion code:
         1 | import json
         2 | import subprocess
         3 |
         4 | date_text = "2015-03-05T23:51:47Z"
         5 | program = 'fromdateiso8601 | todateiso8601'
         6 | result = subprocess.run(["./jq", "-c", program], input=json.dumps(date_text), capture_output=True, text=True)
         7 | print(result.stdout)
         8 | print(result.stderr)
      >  9 | assert result.returncode == 0
        10 | assert json.loads(result.stdout) == date_text
    observed output:
      unknown function fromdateiso8601
    check stderr:
      Traceback (most recent call last):
        File "dates.py", line 9, in <module>
          assert result.returncode == 0
                 ^^^^^^^^^^^^^^^^^^^^^^
      AssertionError
  utilities  builtins-utilities  FEATURE-Builtins-Utilities.md
    assertion: assert result.returncode == 0 → AssertionError
    raised at: utilities.py:16
    process exit code: 1
    values at failure:
      result = CompletedProcess(args=['./jq', '-c', '[walk(if type == "array" then length else . end), transpose, bsearch(2), (tostream | fromstream), (env | has("PATH"))]'], returncode=5, stdout='', stderr='unknown function walk\n')
    criterion code:
         1 | import json
         2 | import os
         3 | import subprocess
         4 |
         5 | program = '[walk(if type == "array" then length else . end), transpose, bsearch(2), (tostream | fromstream), (env | has("PATH"))]'
         6 | source = '[[[1,2],[3]], [[1],[2,3]], [1,2,3]]'
         7 | result = subprocess.run(
         8 |     ["./jq", "-c", program],
         9 |     input=source,
        10 |     capture_output=True,
        11 |     text=True,
        12 |     env={**os.environ, "JQ_ACCEPTANCE_MARKER": "present"},
        13 | )
        14 | print(result.stdout)
        15 | print(result.stderr)
      > 16 | assert result.returncode == 0
        17 | values = json.loads(result.stdout)
        18 | assert values[0] == [2, 1]
        19 | assert values[1] == [[1, 2], [3, None]]
        20 | assert values[2] == -1
        21 | assert values[3] == json.loads(source)
        22 | assert values[4] is True
    observed output:
      unknown function walk
    check stderr:
      Traceback (most recent call last):
        File "utilities.py", line 16, in <module>
          assert result.returncode == 0
                 ^^^^^^^^^^^^^^^^^^^^^^
      AssertionError
  debug-preserves-output  builtins-utilities  FEATURE-Builtins-Utilities.md
    assertion: assert result.returncode == 0 → AssertionError
    raised at: debug-preserves-output.py:13
    process exit code: 1
    values at failure:
      result = CompletedProcess(args=['./jq', '-c', 'debug'], returncode=5, stdout='', stderr='unknown function debug\n')
    criterion code:
         1 | import json
         2 | import subprocess
         3 |
         4 | source = "42"
         5 | result = subprocess.run(
         6 |     ["./jq", "-c", "debug"],
         7 |     input=source,
         8 |     capture_output=True,
         9 |     text=True,
        10 | )
        11 | print(result.stdout)
        12 | print(result.stderr)
      > 13 | assert result.returncode == 0
        14 | assert json.loads(result.stdout) == json.loads(source)
        15 | assert result.stderr != ""
    observed output:
      unknown function debug
    check stderr:
      Traceback (most recent call last):
        File "debug-preserves-output.py", line 13, in <module>
          assert result.returncode == 0
                 ^^^^^^^^^^^^^^^^^^^^^^
      AssertionError
  environment  builtins-utilities  FEATURE-Builtins-Utilities.md
    assertion: assert result.returncode == 0 → AssertionError
    raised at: environment.py:14
    process exit code: 1
    values at failure:
      result = CompletedProcess(args=['./jq', '-c', 'env.JQ_ACCEPTANCE_MARKER'], returncode=5, stdout='', stderr='unknown function env\n')
    criterion code:
         1 | import json
         2 | import os
         3 | import subprocess
         4 |
         5 | result = subprocess.run(
         6 |     ["./jq", "-c", "env.JQ_ACCEPTANCE_MARKER"],
         7 |     input="null",
         8 |     capture_output=True,
         9 |     text=True,
        10 |     env={**os.environ, "JQ_ACCEPTANCE_MARKER": "present"},
        11 | )
        12 | print(result.stdout)
        13 | print(result.stderr)
      > 14 | assert result.returncode == 0
        15 | assert json.loads(result.stdout) == "present"
    observed output:
      unknown function env
    check stderr:
      Traceback (most recent call last):
        File "environment.py", line 14, in <module>
          assert result.returncode == 0
                 ^^^^^^^^^^^^^^^^^^^^^^
      AssertionError
