Drydock 0.2.0  Copyright (c) 2026 Web Cloud Studio. All rights reserved.
Drydock status

  Target          /mnt/c/Users/barlo/projects/drydock/uat/jq/runs/20260822.034407/workspace/targets/jq
  Name            drydock jq Uat Kit
  Description     Flagship drydock UAT kit. ~620 conformance test conditions from the upstream jq test suite (46
                  excluded, reasons in exclusions.txt). Provenance: byte-for-byte upstream files from…
  Phase           Implement
  State           21 pending
  Metadata        planned · approved
  Sources         9 imported · 21 authored blueprint files
  Analysis        Ready · 20 stories · 0 questions · 0 blockers
  Blueprint       ✓  0 errors · 0 warnings
  Plan            21 pending
  Frontier        architecture: Define the standalone jq interpreter architecture and module boundaries.
  Workflow        4 steps
                  Initialize         complete at 2026-08-22T03:44:08.453+00:00
                  Import             complete at 2026-08-22T03:44:11.709+00:00
                  Analyze            complete at 2026-08-22T03:45:25.264+00:00
                  Plan               complete at 2026-08-22T04:06:15.974+00:00
  Next step       drydock build jq  (frontier: Define the standalone jq interpreter architecture and module boundaries.)
