Drydock 0.2.0  Copyright (c) 2026 Web Cloud Studio. All rights reserved.
Drydock status — jq / jq

  Target          uat/jq/runs/20260816.160223/workspace/targets/jq
  Phase           Implement
  State           Failed: programmatic acceptance failed: eval-cartesian-function, eval-cartesian-order
  Metadata        building · running
  Sources         9 imported · 30 authored blueprint files
  Analysis        Questions · 28 stories · 1 question · 0 blockers
  Review          1 open blocking decision · 1 questionnaire
  Blueprint       ✗  1 errors · 12 warnings
    ⚠  Naming conventions: Unexpected file name: builtin_compact.md
    ⚠  Naming conventions: Unexpected file name: full_test_compact.md
    ⚠  Naming conventions: Unexpected file name: jq-manual_compact.md
    ⚠  Naming conventions: Unexpected file name: jq_compact.md
    ⚠  Naming conventions: Unexpected file name: lexer_compact.md
    ⚠  Naming conventions: Unexpected file name: parser_compact.md
    ⚠  Naming conventions: Unexpected file name: run_conformance_compact.md
    ⚠  Acceptance snippets: FEATURE-Builtins-Formats.md [formats-roundtrip]: expects '!()&lt;&gt;&amp;&apos;&quot;\\t',
       a value re-typed rather than derived from the input or read back from the system. This criterion is
       reported but does not gate its story; bind the value to a name and use that name on both sides to make it
       binding
    ⚠  Acceptance snippets: FEATURE-Builtins-Formats.md [formats-roundtrip]: expects '1,"!()<>&\'""\\t"', a value re-
       typed rather than derived from the input or read back from the system. This criterion is reported but does
       not gate its story; bind the value to a name and use that name on both sides to make it binding
    ⚠  Acceptance snippets: FEATURE-Builtins-Formats.md [formats-roundtrip]: expects '1\\t!()<>&\'"\\\\t', a value re-
       typed rather than derived from the input or read back from the system. This criterion is reported but does
       not gate its story; bind the value to a name and use that name on both sides to make it binding
    ⚠  Acceptance snippets: FEATURE-Builtins-Regex.md [regex-runtime]: expects 'Xa-bb, ab', a value re-typed rather than
       derived from the input or read back from the system. This criterion is reported but does not gate its
       story; bind the value to a name and use that name on both sides to make it binding
    ⚠  Acceptance snippets: FEATURE-Builtins-Regex.md [regex-runtime]: expects 'XX-bb, Xb', a value re-typed rather than
       derived from the input or read back from the system. This criterion is reported but does not gate its
       story; bind the value to a name and use that name on both sides to make it binding
    ✗  Acceptance snippets: FEATURE-Language-Bindings.md [bindings-patterns]: criterion is not valid Python: closing
       parenthesis ')' does not match opening parenthesis '[' (line 6)
  Plan            approved · 0/30 verified  pending 18 · implemented 0 · failed 1
  Frontier        values-model: Implement jq values and JSON input/output semantics.
  Next step       drydock run quarterdeck jq
