Drydock 0.2.0  Copyright (c) 2026 Web Cloud Studio. All rights reserved.
Drydock status — jq / jq

  Target          /mnt/c/Users/barlo/projects/drydock/uat/jq/runs/20260817.175151/workspace/targets/jq
  Phase           Implement
  State           Failed: programmatic acceptance failed: path-exact-and-read
  Metadata        building · running
  Sources         9 imported · 27 authored blueprint files
  Analysis        Questions · 29 stories · 1 question · 0 blockers
  Review          No blockers · 1 questionnaire
  Blueprint       ✗  3 errors · 8 warnings
    ✗  Required files: ARCHITECTURE.md is missing
    ⚠  Naming conventions: Unexpected file name: builtin_compact.md
    ⚠  Naming conventions: Unexpected file name: exclusions_compact.md
    ⚠  Naming conventions: Unexpected file name: full_test_compact.md
    ⚠  Naming conventions: Unexpected file name: jq-manual_compact.md
    ⚠  Naming conventions: Unexpected file name: jq_compact.md
    ⚠  Naming conventions: Unexpected file name: lexer_compact.md
    ⚠  Naming conventions: Unexpected file name: parser_compact.md
    ⚠  Naming conventions: Unexpected file name: run_conformance_compact.md
    ✗  Acceptance snippets: FEATURE-Conformance-Full.md [conformance-full]: reads undefined global name(s): `sys`;
       import or assign each name inside this acceptance criterion
    ✗  Acceptance snippets: FEATURE-Path-Discovery.md [path-filter]: reads undefined global name(s): `json`, `os`;
       import or assign each name inside this acceptance criterion
  Plan            approved · 0/27 verified  pending 10 · implemented 0 · failed 1
  Frontier        (none)
  Next step       drydock run quarterdeck jq
