Drydock 0.2.0  Copyright (c) 2026 Web Cloud Studio. All rights reserved.
Target - setup project workspace git store
Target - committed project workspace git store
Next: drydock build jq

Blueprint: jq
Target: /mnt/c/Users/barlo/projects/drydock/uat/jq/runs/20260822.044627/workspace/targets/jq
Rows: <state> <type>  <Name>  [<id>]   — pass [<id>] to --step

Block: Build Block 1 · Foundational  [block-1]   — 0/1 stories done
  [built]   story  Define the standalone jq interpreter architecture and module boundaries.  [architecture-foundation]  <- verify

Block: Build Block 2 · Foundational  [block-2]   — 0/1 stories done
  [built]   story  Implement the executable jq entry point.  [EXEC-001]  <- verify

Block: Build Block 3 · Service  [block-3]   — 0/1 stories done
  [built]   story  Implement jq process exit and diagnostic behavior.  [EXEC-002]  <- verify

Block: Build Block 4 · Service  [block-4]   — 0/1 stories done
  [built]   story  Implement JSON input and compact output handling.  [EXEC-003]  <- verify

Block: Build Block 5 · Foundational  [block-5]   — 0/1 stories done
  [built]   story  Stage and validate immutable conformance assets.  [CONF-001]  <- verify

Block: Build Block 6 · Service  [block-6]   — 0/1 stories done
  [built]   story  Implement jq lexical scanning.  [PARSE-001]  <- verify

Block: Build Block 7 · Service  [block-7]   — 0/1 stories done
  [built]   story  Implement literals, strings, escapes, and interpolation.  [PARSE-002]  <- verify

Block: Build Block 8 · Service  [block-8]   — 0/2 stories done
  [FAILED]  story  Implement jq filter expression grammar.  [PARSE-003]  <- resume (repairs in place)
  [FAILED]  story  Implement declarations and control syntax parsing.  [PARSE-004]  <- resume (repairs in place)

Block: Build Block 9 · Service  [block-9]   — 0/1 stories done
  [pending] story  Implement the stream-valued filter evaluator.  [CORE-001]

Block: Build Block 10 · Service  [block-10]   — 0/1 stories done
  [pending] story  Implement composition and Cartesian generator evaluation.  [CORE-002]

Block: Build Block 11 · Service  [block-11]   — 0/1 stories done
  [pending] story  Implement empty, runtime errors, optional evaluation, and try.  [CORE-003]

Block: Build Block 12 · Service  [block-12]   — 0/1 stories done
  [pending] story  Implement jq truthiness, equality, and ordering.  [CORE-004]

Block: Build Block 13 · Service  [block-13]   — 0/1 stories done
  [pending] story  Implement the jq value and numeric model.  [VALUE-001]

Block: Build Block 14 · Service  [block-14]   — 0/1 stories done
  [pending] story  Implement field and index access.  [VALUE-002]

Block: Build Block 15 · Service  [block-15]   — 0/1 stories done
  [pending] story  Implement slices and collection iteration.  [VALUE-003]

Block: Build Block 16 · Service  [block-16]   — 0/1 stories done
  [pending] story  Implement type, length, numeric predicates, conversions, and math.  [VALUE-004]

Block: Build Block 17 · Service  [block-17]   — 0/1 stories done
  [pending] story  Implement arithmetic and structural operators.  [FLOW-001]

Block: Build Block 18 · Service  [block-18]   — 0/1 stories done
  [pending] story  Implement boolean and alternative operators.  [FLOW-002]

Block: Build Block 19 · Service  [block-19]   — 0/1 stories done
  [pending] story  Implement conditionals and exception flow.  [FLOW-003]

Block: Build Block 20 · Service  [block-20]   — 0/1 stories done
  [pending] story  Implement lexical labels and breaks.  [FLOW-004]

Block: Build Block 21 · Service  [block-21]   — 0/1 stories done
  [pending] story  Implement reductions and iteration controls.  [FLOW-005]

Block: Build Block 22 · Service  [block-22]   — 0/1 stories done
  [pending] story  Implement recursive generator primitives.  [FLOW-006]

Block: Build Block 23 · Service  [block-23]   — 0/1 stories done
  [pending] story  Implement lexical variable bindings.  [FUNC-001]

Block: Build Block 24 · Service  [block-24]   — 0/1 stories done
  [pending] story  Implement filter and value function parameters.  [FUNC-002]

Block: Build Block 25 · Service  [block-25]   — 0/1 stories done
  [pending] story  Implement function definitions, scope, and recursion.  [FUNC-003]

Block: Build Block 26 · Service  [block-26]   — 0/1 stories done
  [pending] story  Implement destructuring patterns and alternatives.  [FUNC-004]

Block: Build Block 27 · Service  [block-27]   — 0/1 stories done
  [pending] story  Implement path discovery and projection.  [PATH-001]

Block: Build Block 28 · Service  [block-28]   — 0/1 stories done
  [pending] story  Implement path access and mutation primitives.  [PATH-002]

Block: Build Block 29 · Service  [block-29]   — 0/1 stories done
  [pending] story  Implement deletion and assignment operators.  [PATH-003]

Block: Build Block 30 · Service  [block-30]   — 0/1 stories done
  [pending] story  Implement complex assignment edge cases.  [PATH-004]

Block: Build Block 31 · Service  [block-31]   — 0/1 stories done
  [pending] story  Implement collection transformation builtins.  [DATA-001]

Block: Build Block 32 · Service  [block-32]   — 0/1 stories done
  [pending] story  Implement sorting and grouping builtins.  [DATA-002]

Block: Build Block 33 · Service  [block-33]   — 0/1 stories done
  [pending] story  Implement object-entry and containment builtins.  [DATA-003]

Block: Build Block 34 · Service  [block-34]   — 0/1 stories done
  [pending] story  Implement index and membership utilities.  [DATA-004]

Block: Build Block 35 · Service  [block-35]   — 0/1 stories done
  [pending] story  Implement string manipulation builtins.  [TEXT-001]

Block: Build Block 36 · Service  [block-36]   — 0/1 stories done
  [pending] story  Implement JSON and output format filters.  [TEXT-002]

Block: Build Block 37 · Service  [block-37]   — 0/1 stories done
  [pending] story  Implement regular-expression filters.  [TEXT-003]

Block: Build Block 38 · Service  [block-38]   — 0/1 stories done
  [pending] story  Implement date and time filters.  [TEXT-004]

Block: Build Block 39 · Service  [block-39]   — 0/1 stories done
  [pending] story  Implement input stream controls.  [IO-001]

Block: Build Block 40 · Service  [block-40]   — 0/1 stories done
  [pending] story  Implement diagnostics and stderr output.  [IO-002]

Block: Build Block 41 · Service  [block-41]   — 0/1 stories done
  [pending] story  Implement streaming transformations.  [IO-003]

Block: Build Block 42 · Service  [block-42]   — 0/1 stories done
  [pending] story  Provide scoped conformance verification.  [CONF-002]

Block: Build Block 43 · Service  [block-43]   — 0/1 stories done
  [pending] story  Run the complete jq conformance corpus.  [CONF-003]

Steps: 44 total — 0 done, 7 built (await verify), 0 in review, 35 pending, 0 blocked by questions, 2 failed (0% complete)
Buildable now: block-8
Failed (resume with drydock build, or --step <id>; --reset discards work instead): PARSE-003, PARSE-004
