Drydock 0.2.0  Copyright (c) 2026 Web Cloud Studio. All rights reserved.
plan verify: jq
  23 criteria cannot run as written
  ✗  FEATURE-Accessors.md [value-002-conformance]: criterion is not valid Python: leading zeros in decimal integer literals are not permitted; use an 0o prefix for octal integers (line 21)
  ✗  FEATURE-Arithmetic-and-Structural-Operators.md [flow-001-conformance]: criterion is not valid Python: leading zeros in decimal integer literals are not permitted; use an 0o prefix for octal integers (line 21)
  ✗  FEATURE-Boolean-and-Alternative-Operators.md [flow-002-conformance]: criterion is not valid Python: leading zeros in decimal integer literals are not permitted; use an 0o prefix for octal integers (line 21)
  ✗  FEATURE-Complex-Assignments.md [path-004-conformance]: criterion is not valid Python: leading zeros in decimal integer literals are not permitted; use an 0o prefix for octal integers (line 21)
  ✗  FEATURE-Conditionals-and-Exception-Flow.md [flow-003-conformance]: criterion is not valid Python: leading zeros in decimal integer literals are not permitted; use an 0o prefix for octal integers (line 21)
  ✗  FEATURE-Date-and-Time.md: FEATURE-Date-and-Time.md [date-conformance] acceptance block closes with a different id: expected '=== END AC date-conformance ===', found '=== END AC date-utc-and-errors ==='
  ✗  FEATURE-Destructuring-Alternatives.md [func-004-conformance]: criterion is not valid Python: leading zeros in decimal integer literals are not permitted; use an 0o prefix for octal integers (line 21)
  ✗  FEATURE-Diagnostics.md: FEATURE-Diagnostics.md [diagnostics-conformance] acceptance block closes with a different id: expected '=== END AC diagnostics-conformance ===', found '=== END AC diagnostics-streams ==='
  ✗  FEATURE-Filter-Grammar.md [parse-003-conformance]: criterion is not valid Python: leading zeros in decimal integer literals are not permitted; use an 0o prefix for octal integers (line 21)
  ✗  FEATURE-Function-Definitions.md [function-definitions-scoped-conformance]: criterion is not valid Python: invalid syntax (line 21)
  ✗  FEATURE-Generator-Core.md [core-001-conformance]: criterion is not valid Python: leading zeros in decimal integer literals are not permitted; use an 0o prefix for octal integers (line 21)
  ✗  FEATURE-Input-Controls.md: FEATURE-Input-Controls.md [input-controls-conformance] acceptance block closes with a different id: expected '=== END AC input-controls-conformance ===', found '=== END AC input-stream-behavior ==='
  ✗  FEATURE-JSON-I-O.md: FEATURE-JSON-I-O.md [json-multiple-inputs] acceptance block closes with a different id: expected '=== END AC json-multiple-inputs ===', found '=== END AC json-compact-line ==='
  ✗  FEATURE-Labels-and-Breaks.md [flow-004-conformance]: criterion is not valid Python: leading zeros in decimal integer literals are not permitted; use an 0o prefix for octal integers (line 21)
  ✗  FEATURE-Literals-and-Strings.md [parse-002-conformance]: criterion is not valid Python: leading zeros in decimal integer literals are not permitted; use an 0o prefix for octal integers (line 21)
  ✗  FEATURE-Path-Discovery.md [path-001-conformance]: criterion is not valid Python: leading zeros in decimal integer literals are not permitted; use an 0o prefix for octal integers (line 21)
  ✗  FEATURE-Recursive-Generators.md [recursive-generators-scoped-conformance]: criterion is not valid Python: invalid syntax (line 21)
  ✗  FEATURE-Regular-Expressions.md [regex-conformance]: criterion is not valid Python: invalid syntax (line 21)
  ✗  FEATURE-Scoped-Conformance.md [scoped-conformance]: criterion is not valid Python: invalid syntax (line 21)
  ✗  FEATURE-Sorting-and-Grouping.md [data-002-conformance]: criterion is not valid Python: leading zeros in decimal integer literals are not permitted; use an 0o prefix for octal integers (line 21)
  ✗  FEATURE-String-Manipulation.md [text-001-conformance]: criterion is not valid Python: leading zeros in decimal integer literals are not permitted; use an 0o prefix for octal integers (line 21)
  ✗  FEATURE-Type-and-Numeric-Primitives.md [value-004-conformance]: criterion is not valid Python: leading zeros in decimal integer literals are not permitted; use an 0o prefix for octal integers (line 21)
  ✗  FEATURE-Variable-Bindings.md [variable-bindings-scoped-conformance]: criterion is not valid Python: invalid syntax (line 21)
  ⚠  FEATURE-Full-Conformance.md [full-conformance-exit]: captures a program's output and prints none of it; print its pass/fail counts before asserting so repair can see progress
  ⚠  FEATURE-Process-Contract.md [process-compile-exit]: captures a program's output and prints none of it; print its pass/fail counts before asserting so repair can see progress
  Run: drydock plan repair jq
Target - committed project workspace git store
